Archive member included to satisfy reference by file (symbol)

/opt/arm-gnu-toolchain-12.2.rel1-aarch64-arm-none-eabi/bin/../lib/gcc/arm-none-eabi/12.2.1/../../../../arm-none-eabi/lib/thumb/v7e-m+fp/hard/libc_nano.a(libc_a-exit.o)
                              /opt/arm-gnu-toolchain-12.2.rel1-aarch64-arm-none-eabi/bin/../lib/gcc/arm-none-eabi/12.2.1/../../../../arm-none-eabi/lib/thumb/v7e-m+fp/hard/crt0.o (exit)
/opt/arm-gnu-toolchain-12.2.rel1-aarch64-arm-none-eabi/bin/../lib/gcc/arm-none-eabi/12.2.1/../../../../arm-none-eabi/lib/thumb/v7e-m+fp/hard/libc_nano.a(libc_a-ctype_.o)
                              _build/nrf52833_xxaa/nrf_log_str_formatter.c.o (_ctype_)
/opt/arm-gnu-toolchain-12.2.rel1-aarch64-arm-none-eabi/bin/../lib/gcc/arm-none-eabi/12.2.1/../../../../arm-none-eabi/lib/thumb/v7e-m+fp/hard/libc_nano.a(libc_a-findfp.o)
                              /opt/arm-gnu-toolchain-12.2.rel1-aarch64-arm-none-eabi/bin/../lib/gcc/arm-none-eabi/12.2.1/../../../../arm-none-eabi/lib/thumb/v7e-m+fp/hard/libc_nano.a(libc_a-exit.o) (__stdio_exit_handler)
/opt/arm-gnu-toolchain-12.2.rel1-aarch64-arm-none-eabi/bin/../lib/gcc/arm-none-eabi/12.2.1/../../../../arm-none-eabi/lib/thumb/v7e-m+fp/hard/libc_nano.a(libc_a-fwalk.o)
                              /opt/arm-gnu-toolchain-12.2.rel1-aarch64-arm-none-eabi/bin/../lib/gcc/arm-none-eabi/12.2.1/../../../../arm-none-eabi/lib/thumb/v7e-m+fp/hard/libc_nano.a(libc_a-findfp.o) (_fwalk_sglue)
/opt/arm-gnu-toolchain-12.2.rel1-aarch64-arm-none-eabi/bin/../lib/gcc/arm-none-eabi/12.2.1/../../../../arm-none-eabi/lib/thumb/v7e-m+fp/hard/libc_nano.a(libc_a-printf.o)
                              _build/nrf52833_xxaa/ble_uart.c.o (printf)
/opt/arm-gnu-toolchain-12.2.rel1-aarch64-arm-none-eabi/bin/../lib/gcc/arm-none-eabi/12.2.1/../../../../arm-none-eabi/lib/thumb/v7e-m+fp/hard/libc_nano.a(libc_a-stdio.o)
                              /opt/arm-gnu-toolchain-12.2.rel1-aarch64-arm-none-eabi/bin/../lib/gcc/arm-none-eabi/12.2.1/../../../../arm-none-eabi/lib/thumb/v7e-m+fp/hard/libc_nano.a(libc_a-findfp.o) (__sread)
/opt/arm-gnu-toolchain-12.2.rel1-aarch64-arm-none-eabi/bin/../lib/gcc/arm-none-eabi/12.2.1/../../../../arm-none-eabi/lib/thumb/v7e-m+fp/hard/libc_nano.a(libc_a-memcmp.o)
                              _build/nrf52833_xxaa/ble_advdata.c.o (memcmp)
/opt/arm-gnu-toolchain-12.2.rel1-aarch64-arm-none-eabi/bin/../lib/gcc/arm-none-eabi/12.2.1/../../../../arm-none-eabi/lib/thumb/v7e-m+fp/hard/libc_nano.a(libc_a-memset.o)
                              /opt/arm-gnu-toolchain-12.2.rel1-aarch64-arm-none-eabi/bin/../lib/gcc/arm-none-eabi/12.2.1/../../../../arm-none-eabi/lib/thumb/v7e-m+fp/hard/crt0.o (memset)
/opt/arm-gnu-toolchain-12.2.rel1-aarch64-arm-none-eabi/bin/../lib/gcc/arm-none-eabi/12.2.1/../../../../arm-none-eabi/lib/thumb/v7e-m+fp/hard/libc_nano.a(libc_a-closer.o)
                              /opt/arm-gnu-toolchain-12.2.rel1-aarch64-arm-none-eabi/bin/../lib/gcc/arm-none-eabi/12.2.1/../../../../arm-none-eabi/lib/thumb/v7e-m+fp/hard/libc_nano.a(libc_a-stdio.o) (_close_r)
/opt/arm-gnu-toolchain-12.2.rel1-aarch64-arm-none-eabi/bin/../lib/gcc/arm-none-eabi/12.2.1/../../../../arm-none-eabi/lib/thumb/v7e-m+fp/hard/libc_nano.a(libc_a-reent.o)
                              /opt/arm-gnu-toolchain-12.2.rel1-aarch64-arm-none-eabi/bin/../lib/gcc/arm-none-eabi/12.2.1/../../../../arm-none-eabi/lib/thumb/v7e-m+fp/hard/libc_nano.a(libc_a-closer.o) (errno)
/opt/arm-gnu-toolchain-12.2.rel1-aarch64-arm-none-eabi/bin/../lib/gcc/arm-none-eabi/12.2.1/../../../../arm-none-eabi/lib/thumb/v7e-m+fp/hard/libc_nano.a(libc_a-impure.o)
                              /opt/arm-gnu-toolchain-12.2.rel1-aarch64-arm-none-eabi/bin/../lib/gcc/arm-none-eabi/12.2.1/../../../../arm-none-eabi/lib/thumb/v7e-m+fp/hard/libc_nano.a(libc_a-printf.o) (_impure_ptr)
/opt/arm-gnu-toolchain-12.2.rel1-aarch64-arm-none-eabi/bin/../lib/gcc/arm-none-eabi/12.2.1/../../../../arm-none-eabi/lib/thumb/v7e-m+fp/hard/libc_nano.a(libc_a-lseekr.o)
                              /opt/arm-gnu-toolchain-12.2.rel1-aarch64-arm-none-eabi/bin/../lib/gcc/arm-none-eabi/12.2.1/../../../../arm-none-eabi/lib/thumb/v7e-m+fp/hard/libc_nano.a(libc_a-stdio.o) (_lseek_r)
/opt/arm-gnu-toolchain-12.2.rel1-aarch64-arm-none-eabi/bin/../lib/gcc/arm-none-eabi/12.2.1/../../../../arm-none-eabi/lib/thumb/v7e-m+fp/hard/libc_nano.a(libc_a-readr.o)
                              /opt/arm-gnu-toolchain-12.2.rel1-aarch64-arm-none-eabi/bin/../lib/gcc/arm-none-eabi/12.2.1/../../../../arm-none-eabi/lib/thumb/v7e-m+fp/hard/libc_nano.a(libc_a-stdio.o) (_read_r)
/opt/arm-gnu-toolchain-12.2.rel1-aarch64-arm-none-eabi/bin/../lib/gcc/arm-none-eabi/12.2.1/../../../../arm-none-eabi/lib/thumb/v7e-m+fp/hard/libc_nano.a(libc_a-writer.o)
                              /opt/arm-gnu-toolchain-12.2.rel1-aarch64-arm-none-eabi/bin/../lib/gcc/arm-none-eabi/12.2.1/../../../../arm-none-eabi/lib/thumb/v7e-m+fp/hard/libc_nano.a(libc_a-stdio.o) (_write_r)
[...]
Memory Configuration

Name             Origin             Length             Attributes
FLASH            0x000000000001c000 0x0000000000064000 xr
RAM              0x0000000020002608 0x000000000001d9f8 xrw
*default*        0x0000000000000000 0xffffffffffffffff

Linker script and memory map


.text           0x000000000001c000     0x949c
 *(.isr_vector)
 .isr_vector    0x000000000001c000      0x200 _build/nrf52833_xxaa/gcc_startup_nrf52833.S.o
                0x000000000001c000                __isr_vector
 *(.text*)
 .text.deregister_tm_clones
                0x000000000001c200       0x1c /opt/arm-gnu-toolchain-12.2.rel1-aarch64-arm-none-eabi/bin/../lib/gcc/arm-none-eabi/12.2.1/thumb/v7e-m+fp/hard/crtbegin.o
 .text.register_tm_clones
                0x000000000001c21c       0x24 /opt/arm-gnu-toolchain-12.2.rel1-aarch64-arm-none-eabi/bin/../lib/gcc/arm-none-eabi/12.2.1/thumb/v7e-m+fp/hard/crtbegin.o
 .text.__do_global_dtors_aux
                0x000000000001c240       0x28 /opt/arm-gnu-toolchain-12.2.rel1-aarch64-arm-none-eabi/bin/../lib/gcc/arm-none-eabi/12.2.1/thumb/v7e-m+fp/hard/crtbegin.o
 .text.frame_dummy
                0x000000000001c268       0x24 /opt/arm-gnu-toolchain-12.2.rel1-aarch64-arm-none-eabi/bin/../lib/gcc/arm-none-eabi/12.2.1/thumb/v7e-m+fp/hard/crtbegin.o
 .text          0x000000000001c28c       0x7c /opt/arm-gnu-toolchain-12.2.rel1-aarch64-arm-none-eabi/bin/../lib/gcc/arm-none-eabi/12.2.1/../../../../arm-none-eabi/lib/thumb/v7e-m+fp/hard/crt0.o
                0x000000000001c28c                _stack_init
                0x000000000001c294                _mainCRTStartup
                0x000000000001c294                _start
 .text          0x000000000001c308       0x3c _build/nrf52833_xxaa/gcc_startup_nrf52833.S.o
                0x000000000001c308                Reset_Handler
                0x000000000001c330                NMI_Handler
                0x000000000001c332                HardFault_Handler
                0x000000000001c334                MemoryManagement_Handler
                0x000000000001c336                BusFault_Handler
                0x000000000001c338                UsageFault_Handler
                0x000000000001c33a                SVC_Handler
                0x000000000001c33c                DebugMon_Handler
                0x000000000001c33e                PendSV_Handler
                0x000000000001c340                SysTick_Handler
                0x000000000001c342                TIMER2_IRQHandler
                0x000000000001c342                RTC0_IRQHandler
                0x000000000001c342                SWI0_EGU0_IRQHandler
                0x000000000001c342                PWM1_IRQHandler
                0x000000000001c342                RADIO_IRQHandler
                0x000000000001c342                PDM_IRQHandler
                0x000000000001c342                TEMP_IRQHandler
                0x000000000001c342                QDEC_IRQHandler
                0x000000000001c342                TIMER3_IRQHandler
                0x000000000001c342                PWM3_IRQHandler
                0x000000000001c342                FPU_IRQHandler
                0x000000000001c342                USBD_IRQHandler
                0x000000000001c342                SPIM0_SPIS0_TWIM0_TWIS0_SPI0_TWI0_IRQHandler
                0x000000000001c342                TIMER4_IRQHandler
                0x000000000001c342                I2S_IRQHandler
                0x000000000001c342                SWI4_EGU4_IRQHandler
                0x000000000001c342                TIMER0_IRQHandler
                0x000000000001c342                UARTE1_IRQHandler
                0x000000000001c342                TIMER1_IRQHandler
                0x000000000001c342                SPIM3_IRQHandler
                0x000000000001c342                PWM2_IRQHandler
                0x000000000001c342                ECB_IRQHandler
                0x000000000001c342                SPIM1_SPIS1_TWIM1_TWIS1_SPI1_TWI1_IRQHandler
                0x000000000001c342                Default_Handler
                0x000000000001c342                SAADC_IRQHandler
                0x000000000001c342                CCM_AAR_IRQHandler
                0x000000000001c342                WDT_IRQHandler
                0x000000000001c342                SWI5_EGU5_IRQHandler
                0x000000000001c342                RNG_IRQHandler
                0x000000000001c342                RTC2_IRQHandler
                0x000000000001c342                PWM0_IRQHandler
                0x000000000001c342                SWI3_EGU3_IRQHandler
                0x000000000001c342                SWI1_EGU1_IRQHandler
                0x000000000001c342                SPIM2_SPIS2_SPI2_IRQHandler
                0x000000000001c342                NFCT_IRQHandler
                0x000000000001c342                MWU_IRQHandler
                0x000000000001c342                COMP_LPCOMP_IRQHandler
 .text.nrf_log_backend_rtt_flush
                0x000000000001c344        0x4 _build/nrf52833_xxaa/nrf_log_backend_rtt.c.o
 .text.nrf_log_backend_rtt_put
                0x000000000001c348       0x20 _build/nrf52833_xxaa/nrf_log_backend_rtt.c.o
 .text.serial_tx
                0x000000000001c368       0x5c _build/nrf52833_xxaa/nrf_log_backend_rtt.c.o
 .text.nrf_log_backend_rtt_panic_set
                0x000000000001c3c4        0x4 _build/nrf52833_xxaa/nrf_log_backend_rtt.c.o
 .text.nrf_log_backend_rtt_init
                0x000000000001c3c8        0x4 _build/nrf52833_xxaa/nrf_log_backend_rtt.c.o
                0x000000000001c3c8                nrf_log_backend_rtt_init
 .text.nrf_log_backend_serial_put
                0x000000000001c3cc       0xd8 _build/nrf52833_xxaa/nrf_log_backend_serial.c.o
                0x000000000001c3cc                nrf_log_backend_serial_put
 .text.nrf_log_default_backends_init
                0x000000000001c4a4       0x20 _build/nrf52833_xxaa/nrf_log_default_backends.c.o
                0x000000000001c4a4                nrf_log_default_backends_init
 .text.nrf_log_init
                0x000000000001c4c4       0x28 _build/nrf52833_xxaa/nrf_log_frontend.c.o
                0x000000000001c4c4                nrf_log_init
 .text.nrf_log_module_name_get
                0x000000000001c4ec       0x48 _build/nrf52833_xxaa/nrf_log_frontend.c.o
                0x000000000001c4ec                nrf_log_module_name_get
 .text.nrf_log_color_id_get
                0x000000000001c534       0x2c _build/nrf52833_xxaa/nrf_log_frontend.c.o
                0x000000000001c534                nrf_log_color_id_get
 .text.log_pending_hook
                0x000000000001c560        0x4 _build/nrf52833_xxaa/nrf_log_frontend.c.o
                0x000000000001c560                log_pending_hook
 .text.nrf_log_frontend_dequeue
                0x000000000001c564      0x24c _build/nrf52833_xxaa/nrf_log_frontend.c.o
                0x000000000001c564                nrf_log_frontend_dequeue
 .text.nrf_log_frontend_std_2
                0x000000000001c7b0      0x1c8 _build/nrf52833_xxaa/nrf_log_frontend.c.o
                0x000000000001c7b0                nrf_log_frontend_std_2
 .text.nrf_log_frontend_std_1
                0x000000000001c978      0x1bc _build/nrf52833_xxaa/nrf_log_frontend.c.o
                0x000000000001c978                nrf_log_frontend_std_1
 .text.nrf_log_frontend_std_0
                0x000000000001cb34      0x1ac _build/nrf52833_xxaa/nrf_log_frontend.c.o
                0x000000000001cb34                nrf_log_frontend_std_0
 .text.nrf_log_backend_add
                0x000000000001cce0       0x5c _build/nrf52833_xxaa/nrf_log_frontend.c.o
                0x000000000001cce0                nrf_log_backend_add
 .text.nrf_log_panic
                0x000000000001cd3c       0x28 _build/nrf52833_xxaa/nrf_log_frontend.c.o
                0x000000000001cd3c                nrf_log_panic
 .text.prefix_process.constprop.0
                0x000000000001cd64       0x80 _build/nrf52833_xxaa/nrf_log_str_formatter.c.o
 .text.nrf_log_std_entry_process
                0x000000000001cde4       0xec _build/nrf52833_xxaa/nrf_log_str_formatter.c.o
                0x000000000001cde4                nrf_log_std_entry_process
 .text.nrf_log_hexdump_entry_process
                0x000000000001ced0      0x104 _build/nrf52833_xxaa/nrf_log_str_formatter.c.o
                0x000000000001ced0                nrf_log_hexdump_entry_process
 .text.gpiote_event_handler
                0x000000000001cfd4       0x74 _build/nrf52833_xxaa/app_button.c.o
 .text.detection_delay_timeout_handler
                0x000000000001d048      0x274 _build/nrf52833_xxaa/app_button.c.o
 .text.app_button_init
                0x000000000001d2bc       0xb8 _build/nrf52833_xxaa/app_button.c.o
                0x000000000001d2bc                app_button_init
 .text.app_button_enable
                0x000000000001d374       0x2c _build/nrf52833_xxaa/app_button.c.o
                0x000000000001d374                app_button_enable
 .text.app_error_handler_bare
                0x000000000001d3a0       0x20 _build/nrf52833_xxaa/app_error.c.o
                0x000000000001d3a0                app_error_handler_bare
 .text.app_error_fault_handler
                0x000000000001d3c0       0x6c _build/nrf52833_xxaa/app_error_weak.c.o
                0x000000000001d3c0                app_error_fault_handler
 .text.app_fifo_init
                0x000000000001d42c       0x20 _build/nrf52833_xxaa/app_fifo.c.o
                0x000000000001d42c                app_fifo_init
 .text.app_fifo_put
                0x000000000001d44c       0x30 _build/nrf52833_xxaa/app_fifo.c.o
                0x000000000001d44c                app_fifo_put
 .text.app_fifo_get
                0x000000000001d47c       0x2c _build/nrf52833_xxaa/app_fifo.c.o
                0x000000000001d47c                app_fifo_get
 .text.compare_func
                0x000000000001d4a8       0x18 _build/nrf52833_xxaa/app_timer2.c.o
 .text.timer_expire
                0x000000000001d4c0       0xe8 _build/nrf52833_xxaa/app_timer2.c.o
 .text.rtc_irq  0x000000000001d5a8      0x220 _build/nrf52833_xxaa/app_timer2.c.o
 .text.app_timer_init
                0x000000000001d7c8       0x6c _build/nrf52833_xxaa/app_timer2.c.o
                0x000000000001d7c8                app_timer_init
 *fill*         0x000000000001d834        0x4 
 .text.app_timer_create
                0x000000000001d838       0x30 _build/nrf52833_xxaa/app_timer2.c.o
                0x000000000001d838                app_timer_create
 .text.app_timer_start
                0x000000000001d868       0xb8 _build/nrf52833_xxaa/app_timer2.c.o
                0x000000000001d868                app_timer_start
 .text.app_timer_stop
                0x000000000001d920       0x7c _build/nrf52833_xxaa/app_timer2.c.o
                0x000000000001d920                app_timer_stop
 .text.uart_event_handler
                0x000000000001d99c      0x120 _build/nrf52833_xxaa/app_uart_fifo.c.o
 .text.app_uart_init
                0x000000000001dabc       0xe8 _build/nrf52833_xxaa/app_uart_fifo.c.o
                0x000000000001dabc                app_uart_init
 .text.app_uart_get
                0x000000000001dba4       0x58 _build/nrf52833_xxaa/app_uart_fifo.c.o
                0x000000000001dba4                app_uart_get
 .text.app_uart_put
                0x000000000001dbfc       0x74 _build/nrf52833_xxaa/app_uart_fifo.c.o
                0x000000000001dbfc                app_uart_put
 .text.app_util_critical_region_enter
                0x000000000001dc70       0x4c _build/nrf52833_xxaa/app_util_platform.c.o
                0x000000000001dc70                app_util_critical_region_enter
 .text.app_util_critical_region_exit
                0x000000000001dcbc       0x30 _build/nrf52833_xxaa/app_util_platform.c.o
                0x000000000001dcbc                app_util_critical_region_exit
 .text.drv_rtc_init
                0x000000000001dcec       0xc8 _build/nrf52833_xxaa/drv_rtc.c.o
                0x000000000001dcec                drv_rtc_init
 .text.drv_rtc_start
                0x000000000001ddb4        0x8 _build/nrf52833_xxaa/drv_rtc.c.o
                0x000000000001ddb4                drv_rtc_start
 .text.drv_rtc_stop
                0x000000000001ddbc        0x8 _build/nrf52833_xxaa/drv_rtc.c.o
                0x000000000001ddbc                drv_rtc_stop
 .text.drv_rtc_compare_set
                0x000000000001ddc4       0x54 _build/nrf52833_xxaa/drv_rtc.c.o
                0x000000000001ddc4                drv_rtc_compare_set
 .text.drv_rtc_windowed_compare_set
                0x000000000001de18      0x100 _build/nrf52833_xxaa/drv_rtc.c.o
                0x000000000001de18                drv_rtc_windowed_compare_set
 .text.drv_rtc_overflow_enable
                0x000000000001df18       0x14 _build/nrf52833_xxaa/drv_rtc.c.o
                0x000000000001df18                drv_rtc_overflow_enable
 .text.drv_rtc_overflow_pending
                0x000000000001df2c       0x20 _build/nrf52833_xxaa/drv_rtc.c.o
                0x000000000001df2c                drv_rtc_overflow_pending
 .text.drv_rtc_compare_disable
                0x000000000001df4c       0x18 _build/nrf52833_xxaa/drv_rtc.c.o
                0x000000000001df4c                drv_rtc_compare_disable
 .text.drv_rtc_compare_pending
                0x000000000001df64       0x20 _build/nrf52833_xxaa/drv_rtc.c.o
                0x000000000001df64                drv_rtc_compare_pending
 .text.drv_rtc_counter_get
                0x000000000001df84        0x8 _build/nrf52833_xxaa/drv_rtc.c.o
                0x000000000001df84                drv_rtc_counter_get
 .text.drv_rtc_irq_trigger
                0x000000000001df8c       0x24 _build/nrf52833_xxaa/drv_rtc.c.o
                0x000000000001df8c                drv_rtc_irq_trigger
 .text.RTC1_IRQHandler
                0x000000000001dfb0       0x14 _build/nrf52833_xxaa/drv_rtc.c.o
                0x000000000001dfb0                RTC1_IRQHandler
 .text.nrf_atfifo_init
                0x000000000001dfc4       0x30 _build/nrf52833_xxaa/nrf_atfifo.c.o
                0x000000000001dfc4                nrf_atfifo_init
 .text.nrf_atfifo_item_alloc
                0x000000000001dff4       0x64 _build/nrf52833_xxaa/nrf_atfifo.c.o
                0x000000000001dff4                nrf_atfifo_item_alloc
 .text.nrf_atfifo_item_put
                0x000000000001e058       0x20 _build/nrf52833_xxaa/nrf_atfifo.c.o
                0x000000000001e058                nrf_atfifo_item_put
 .text.nrf_atfifo_item_get
                0x000000000001e078       0x64 _build/nrf52833_xxaa/nrf_atfifo.c.o
                0x000000000001e078                nrf_atfifo_item_get
 .text.nrf_atfifo_item_free
                0x000000000001e0dc       0x20 _build/nrf52833_xxaa/nrf_atfifo.c.o
                0x000000000001e0dc                nrf_atfifo_item_free
 .text.nrf_atflags_set
                0x000000000001e0fc       0x18 _build/nrf52833_xxaa/nrf_atflags.c.o
                0x000000000001e0fc                nrf_atflags_set
 .text.nrf_atflags_clear
                0x000000000001e114       0x18 _build/nrf52833_xxaa/nrf_atflags.c.o
                0x000000000001e114                nrf_atflags_clear
 .text.nrf_atflags_get
                0x000000000001e12c       0x14 _build/nrf52833_xxaa/nrf_atflags.c.o
                0x000000000001e12c                nrf_atflags_get
 .text.nrf_atomic_u32_fetch_store
                0x000000000001e140       0x14 _build/nrf52833_xxaa/nrf_atomic.c.o
                0x000000000001e140                nrf_atomic_u32_fetch_store
 .text.nrf_atomic_u32_or
                0x000000000001e154       0x18 _build/nrf52833_xxaa/nrf_atomic.c.o
                0x000000000001e154                nrf_atomic_u32_or
 .text.nrf_atomic_u32_and
                0x000000000001e16c       0x18 _build/nrf52833_xxaa/nrf_atomic.c.o
                0x000000000001e16c                nrf_atomic_u32_and
 .text.nrf_atomic_u32_add
                0x000000000001e184       0x18 _build/nrf52833_xxaa/nrf_atomic.c.o
                0x000000000001e184                nrf_atomic_u32_add
 .text.nrf_atomic_u32_sub
                0x000000000001e19c       0x18 _build/nrf52833_xxaa/nrf_atomic.c.o
                0x000000000001e19c                nrf_atomic_u32_sub
 .text.nrf_atomic_flag_set
                0x000000000001e1b4       0x18 _build/nrf52833_xxaa/nrf_atomic.c.o
                0x000000000001e1b4                nrf_atomic_flag_set
 .text.nrf_atomic_flag_clear_fetch
                0x000000000001e1cc       0x18 _build/nrf52833_xxaa/nrf_atomic.c.o
                0x000000000001e1cc                nrf_atomic_flag_clear_fetch
 .text.nrf_balloc_init
                0x000000000001e1e4       0x3c _build/nrf52833_xxaa/nrf_balloc.c.o
                0x000000000001e1e4                nrf_balloc_init
 .text.nrf_balloc_alloc
                0x000000000001e220       0x50 _build/nrf52833_xxaa/nrf_balloc.c.o
                0x000000000001e220                nrf_balloc_alloc
 .text.nrf_balloc_free
                0x000000000001e270       0x38 _build/nrf52833_xxaa/nrf_balloc.c.o
                0x000000000001e270                nrf_balloc_free
 .text.nrf_fprintf_buffer_flush
                0x000000000001e2a8       0x18 _build/nrf52833_xxaa/nrf_fprintf.c.o
                0x000000000001e2a8                nrf_fprintf_buffer_flush
 .text.nrf_fprintf
                0x000000000001e2c0       0x20 _build/nrf52833_xxaa/nrf_fprintf.c.o
                0x000000000001e2c0                nrf_fprintf
 .text.unsigned_print
                0x000000000001e2e0      0x158 _build/nrf52833_xxaa/nrf_fprintf_format.c.o
 .text.nrf_fprintf_fmt
                0x000000000001e438      0x610 _build/nrf52833_xxaa/nrf_fprintf_format.c.o
                0x000000000001e438                nrf_fprintf_fmt
 .text.nrf_memobj_pool_init
                0x000000000001ea48        0x4 _build/nrf52833_xxaa/nrf_memobj.c.o
                0x000000000001ea48                nrf_memobj_pool_init
 .text.nrf_memobj_alloc
                0x000000000001ea4c       0x98 _build/nrf52833_xxaa/nrf_memobj.c.o
                0x000000000001ea4c                nrf_memobj_alloc
 .text.nrf_memobj_get
                0x000000000001eae4        0x8 _build/nrf52833_xxaa/nrf_memobj.c.o
                0x000000000001eae4                nrf_memobj_get
 .text.nrf_memobj_put
                0x000000000001eaec       0x58 _build/nrf52833_xxaa/nrf_memobj.c.o
                0x000000000001eaec                nrf_memobj_put
 .text.nrf_memobj_write
                0x000000000001eb44       0x68 _build/nrf52833_xxaa/nrf_memobj.c.o
                0x000000000001eb44                nrf_memobj_write
 .text.nrf_memobj_read
                0x000000000001ebac       0x68 _build/nrf52833_xxaa/nrf_memobj.c.o
                0x000000000001ebac                nrf_memobj_read
 .text.nrf_pwr_mgmt_init
                0x000000000001ec14       0x2c _build/nrf52833_xxaa/nrf_pwr_mgmt.c.o
                0x000000000001ec14                nrf_pwr_mgmt_init
 .text.nrf_ringbuf_init
                0x000000000001ec40       0x1c _build/nrf52833_xxaa/nrf_ringbuf.c.o
                0x000000000001ec40                nrf_ringbuf_init
 .text.nrf_section_iter_init
                0x000000000001ec5c       0x14 _build/nrf52833_xxaa/nrf_section_iter.c.o
                0x000000000001ec5c                nrf_section_iter_init
 .text.nrf_section_iter_next
                0x000000000001ec70       0x18 _build/nrf52833_xxaa/nrf_section_iter.c.o
                0x000000000001ec70                nrf_section_iter_next
 .text.nrf_sortlist_add
                0x000000000001ec88       0x28 _build/nrf52833_xxaa/nrf_sortlist.c.o
                0x000000000001ec88                nrf_sortlist_add
 .text.nrf_sortlist_pop
                0x000000000001ecb0        0xc _build/nrf52833_xxaa/nrf_sortlist.c.o
                0x000000000001ecb0                nrf_sortlist_pop
 .text.nrf_sortlist_peek
                0x000000000001ecbc        0x8 _build/nrf52833_xxaa/nrf_sortlist.c.o
                0x000000000001ecbc                nrf_sortlist_peek
 .text.nrf_sortlist_remove
                0x000000000001ecc4       0x1c _build/nrf52833_xxaa/nrf_sortlist.c.o
                0x000000000001ecc4                nrf_sortlist_remove
 .text.nrf_strerror_get
                0x000000000001ece0       0x44 _build/nrf52833_xxaa/nrf_strerror.c.o
                0x000000000001ece0                nrf_strerror_get
 .text._write   0x000000000001ed24       0x1c _build/nrf52833_xxaa/retarget.c.o
                0x000000000001ed24                _write
 .text._read    0x000000000001ed40       0x14 _build/nrf52833_xxaa/retarget.c.o
                0x000000000001ed40                _read
 .text.SystemInit
                0x000000000001ed54      0x19c _build/nrf52833_xxaa/system_nrf52833.c.o
                0x000000000001ed54                SystemInit
 .text.bsp_board_led_state_get
                0x000000000001eef0       0x28 _build/nrf52833_xxaa/boards.c.o
                0x000000000001eef0                bsp_board_led_state_get
 .text.bsp_board_led_on
                0x000000000001ef18       0x24 _build/nrf52833_xxaa/boards.c.o
                0x000000000001ef18                bsp_board_led_on
 .text.bsp_board_led_off
                0x000000000001ef3c       0x24 _build/nrf52833_xxaa/boards.c.o
                0x000000000001ef3c                bsp_board_led_off
 .text.bsp_board_leds_off
                0x000000000001ef60       0x60 _build/nrf52833_xxaa/boards.c.o
                0x000000000001ef60                bsp_board_leds_off
 .text.bsp_board_leds_on
                0x000000000001efc0       0x60 _build/nrf52833_xxaa/boards.c.o
                0x000000000001efc0                bsp_board_leds_on
 .text.bsp_board_led_invert
                0x000000000001f020       0x34 _build/nrf52833_xxaa/boards.c.o
                0x000000000001f020                bsp_board_led_invert
 .text.bsp_board_button_state_get
                0x000000000001f054       0x28 _build/nrf52833_xxaa/boards.c.o
                0x000000000001f054                bsp_board_button_state_get
 .text.bsp_board_pin_to_button_idx
                0x000000000001f07c       0x14 _build/nrf52833_xxaa/boards.c.o
                0x000000000001f07c                bsp_board_pin_to_button_idx
 .text.bsp_board_button_idx_to_pin
                0x000000000001f090        0xc _build/nrf52833_xxaa/boards.c.o
                0x000000000001f090                bsp_board_button_idx_to_pin
 .text.bsp_board_init
                0x000000000001f09c       0xb4 _build/nrf52833_xxaa/boards.c.o
                0x000000000001f09c                bsp_board_init
 .text.clock_irq_handler
                0x000000000001f150       0x44 _build/nrf52833_xxaa/nrf_drv_clock.c.o
 .text.soc_evt_handler
                0x000000000001f194       0x28 _build/nrf52833_xxaa/nrf_drv_clock.c.o
 .text.sd_state_evt_handler
                0x000000000001f1bc       0xc8 _build/nrf52833_xxaa/nrf_drv_clock.c.o
 .text.uarte_evt_handler
                0x000000000001f284       0x34 _build/nrf52833_xxaa/nrf_drv_uart.c.o
 .text.uart_evt_handler
                0x000000000001f2b8       0x34 _build/nrf52833_xxaa/nrf_drv_uart.c.o
 .text.nrf_drv_uart_init
                0x000000000001f2ec       0x78 _build/nrf52833_xxaa/nrf_drv_uart.c.o
                0x000000000001f2ec                nrf_drv_uart_init
 .text.nrfx_clock_init
                0x000000000001f364       0x18 _build/nrf52833_xxaa/nrfx_clock.c.o
                0x000000000001f364                nrfx_clock_init
 .text.nrfx_clock_enable
                0x000000000001f37c       0x24 _build/nrf52833_xxaa/nrfx_clock.c.o
                0x000000000001f37c                nrfx_clock_enable
 .text.nrfx_clock_lfclk_stop
                0x000000000001f3a0       0x2c _build/nrf52833_xxaa/nrfx_clock.c.o
                0x000000000001f3a0                nrfx_clock_lfclk_stop
 .text.POWER_CLOCK_IRQHandler
                0x000000000001f3cc       0x5c _build/nrf52833_xxaa/nrfx_clock.c.o
                0x000000000001f3cc                POWER_CLOCK_IRQHandler
 .text.nrfx_gpiote_init
                0x000000000001f428       0xb4 _build/nrf52833_xxaa/nrfx_gpiote.c.o
                0x000000000001f428                nrfx_gpiote_init
 .text.nrfx_gpiote_is_init
                0x000000000001f4dc       0x14 _build/nrf52833_xxaa/nrfx_gpiote.c.o
                0x000000000001f4dc                nrfx_gpiote_is_init
 .text.nrfx_gpiote_in_init
                0x000000000001f4f0      0x200 _build/nrf52833_xxaa/nrfx_gpiote.c.o
                0x000000000001f4f0                nrfx_gpiote_in_init
 .text.nrfx_gpiote_in_event_enable
                0x000000000001f6f0       0xf0 _build/nrf52833_xxaa/nrfx_gpiote.c.o
                0x000000000001f6f0                nrfx_gpiote_in_event_enable
 .text.nrfx_gpiote_in_is_set
                0x000000000001f7e0       0x20 _build/nrf52833_xxaa/nrfx_gpiote.c.o
                0x000000000001f7e0                nrfx_gpiote_in_is_set
 .text.GPIOTE_IRQHandler
                0x000000000001f800      0x504 _build/nrf52833_xxaa/nrfx_gpiote.c.o
                0x000000000001f800                GPIOTE_IRQHandler
 .text.UARTE0_UART0_IRQHandler
                0x000000000001fd04        0xc _build/nrf52833_xxaa/nrfx_prs.c.o
                0x000000000001fd04                UARTE0_UART0_IRQHandler
 .text.nrfx_prs_acquire
                0x000000000001fd10       0x50 _build/nrf52833_xxaa/nrfx_prs.c.o
                0x000000000001fd10                nrfx_prs_acquire
 .text.nrfx_uart_0_irq_handler
                0x000000000001fd60      0x1d0 _build/nrf52833_xxaa/nrfx_uart.c.o
                0x000000000001fd60                nrfx_uart_0_irq_handler
 .text.nrfx_uart_init
                0x000000000001ff30      0x1ec _build/nrf52833_xxaa/nrfx_uart.c.o
                0x000000000001ff30                nrfx_uart_init
 .text.nrfx_uart_tx
                0x000000000002011c       0xd8 _build/nrf52833_xxaa/nrfx_uart.c.o
                0x000000000002011c                nrfx_uart_tx
 .text.nrfx_uart_tx_in_progress
                0x00000000000201f4       0x18 _build/nrf52833_xxaa/nrfx_uart.c.o
                0x00000000000201f4                nrfx_uart_tx_in_progress
 .text.nrfx_uart_rx
                0x000000000002020c      0x160 _build/nrf52833_xxaa/nrfx_uart.c.o
                0x000000000002020c                nrfx_uart_rx
 *fill*         0x000000000002036c        0x4 
 .text.nrfx_uarte_0_irq_handler
                0x0000000000020370      0x178 _build/nrf52833_xxaa/nrfx_uarte.c.o
                0x0000000000020370                nrfx_uarte_0_irq_handler
 .text.nrfx_uarte_init
                0x00000000000204e8      0x220 _build/nrf52833_xxaa/nrfx_uarte.c.o
                0x00000000000204e8                nrfx_uarte_init
 .text.nrfx_uarte_tx
                0x0000000000020708       0xac _build/nrf52833_xxaa/nrfx_uarte.c.o
                0x0000000000020708                nrfx_uarte_tx
 .text.nrfx_uarte_tx_in_progress
                0x00000000000207b4       0x1c _build/nrf52833_xxaa/nrfx_uarte.c.o
                0x00000000000207b4                nrfx_uarte_tx_in_progress
 .text.nrfx_uarte_rx
                0x00000000000207d0      0x148 _build/nrf52833_xxaa/nrfx_uarte.c.o
                0x00000000000207d0                nrfx_uarte_rx
 .text.alert_timer_handler
                0x0000000000020918        0x8 _build/nrf52833_xxaa/bsp.c.o
 .text.bsp_button_event_handler
                0x0000000000020920       0xa8 _build/nrf52833_xxaa/bsp.c.o
 .text.button_timer_handler
                0x00000000000209c8       0x34 _build/nrf52833_xxaa/bsp.c.o
 .text.bsp_led_indication
                0x00000000000209fc      0x308 _build/nrf52833_xxaa/bsp.c.o
 .text.leds_timer_handler
                0x0000000000020d04       0x1c _build/nrf52833_xxaa/bsp.c.o
 .text.bsp_button_is_pressed
                0x0000000000020d20        0xc _build/nrf52833_xxaa/bsp.c.o
                0x0000000000020d20                bsp_button_is_pressed
 .text.bsp_indication_set
                0x0000000000020d2c       0x18 _build/nrf52833_xxaa/bsp.c.o
                0x0000000000020d2c                bsp_indication_set
 .text.bsp_init
                0x0000000000020d44       0xb4 _build/nrf52833_xxaa/bsp.c.o
                0x0000000000020d44                bsp_init
 .text.bsp_event_to_button_action_assign
                0x0000000000020df8       0x54 _build/nrf52833_xxaa/bsp.c.o
                0x0000000000020df8                bsp_event_to_button_action_assign
 .text.bsp_wakeup_button_enable
                0x0000000000020e4c       0x40 _build/nrf52833_xxaa/bsp.c.o
                0x0000000000020e4c                bsp_wakeup_button_enable
 .text.ble_evt_handler
                0x0000000000020e8c       0xac _build/nrf52833_xxaa/bsp_btn_ble.c.o
 .text.bsp_btn_ble_sleep_mode_prepare
                0x0000000000020f38       0x24 _build/nrf52833_xxaa/bsp_btn_ble.c.o
                0x0000000000020f38                bsp_btn_ble_sleep_mode_prepare
 .text.bsp_btn_ble_init
                0x0000000000020f5c       0x6c _build/nrf52833_xxaa/bsp_btn_ble.c.o
                0x0000000000020f5c                bsp_btn_ble_init
 .text.ble_recv_handler
                0x0000000000020fc8       0x20 _build/nrf52833_xxaa/main.c.o
 .text.startup.main
                0x0000000000020fe8       0x10 _build/nrf52833_xxaa/main.c.o
                0x0000000000020fe8                main
 .text.sd_ble_gap_disconnect
                0x0000000000020ff8        0x4 _build/nrf52833_xxaa/ble_uart.c.o
 .text.sd_ble_gap_ppcp_set
                0x0000000000020ffc        0x4 _build/nrf52833_xxaa/ble_uart.c.o
 .text.sd_ble_gap_device_name_set
                0x0000000000021000        0x4 _build/nrf52833_xxaa/ble_uart.c.o
 .text.sd_ble_gap_sec_params_reply
                0x0000000000021004        0x4 _build/nrf52833_xxaa/ble_uart.c.o
 .text.sd_ble_gap_phy_update
                0x0000000000021008        0x4 _build/nrf52833_xxaa/ble_uart.c.o
 .text.sd_ble_gatts_sys_attr_set
                0x000000000002100c        0x4 _build/nrf52833_xxaa/ble_uart.c.o
 .text.sd_power_system_off
                0x0000000000021010        0x4 _build/nrf52833_xxaa/ble_uart.c.o
 .text.uart_event_handle
                0x0000000000021014        0x4 _build/nrf52833_xxaa/ble_uart.c.o
                0x0000000000021014                uart_event_handle
 .text.nrf_qwr_error_handler
                0x0000000000021018        0x4 _build/nrf52833_xxaa/ble_uart.c.o
 .text.ble_evt_handler
                0x000000000002101c      0x100 _build/nrf52833_xxaa/ble_uart.c.o
 .text.on_conn_params_evt
                0x000000000002111c       0x24 _build/nrf52833_xxaa/ble_uart.c.o
 .text.bsp_event_handler
                0x0000000000021140       0x70 _build/nrf52833_xxaa/ble_uart.c.o
                0x0000000000021140                bsp_event_handler
 .text.gatt_evt_handler
                0x00000000000211b0       0x4c _build/nrf52833_xxaa/ble_uart.c.o
                0x00000000000211b0                gatt_evt_handler
 .text.nus_data_handler
                0x00000000000211fc       0x14 _build/nrf52833_xxaa/ble_uart.c.o
 .text.conn_params_error_handler
                0x0000000000021210        0x4 _build/nrf52833_xxaa/ble_uart.c.o
 .text.on_adv_evt
                0x0000000000021214       0x40 _build/nrf52833_xxaa/ble_uart.c.o
 .text.ble_send
                0x0000000000021254       0xc4 _build/nrf52833_xxaa/ble_uart.c.o
                0x0000000000021254                ble_send
 .text.ble_init
                0x0000000000021318      0x2f0 _build/nrf52833_xxaa/ble_uart.c.o
                0x0000000000021318                ble_init
 .text.SEGGER_RTT_WriteNoLock
                0x0000000000021608      0x1a8 _build/nrf52833_xxaa/SEGGER_RTT.c.o
                0x0000000000021608                SEGGER_RTT_WriteNoLock
 .text.SEGGER_RTT_Init
                0x00000000000217b0       0x68 _build/nrf52833_xxaa/SEGGER_RTT.c.o
                0x00000000000217b0                SEGGER_RTT_Init
 .text.sd_ble_gap_addr_get
                0x0000000000021818        0x4 _build/nrf52833_xxaa/ble_advdata.c.o
 .text.sd_ble_gap_appearance_get
                0x000000000002181c        0x4 _build/nrf52833_xxaa/ble_advdata.c.o
 .text.sd_ble_gap_device_name_get
                0x0000000000021820        0x4 _build/nrf52833_xxaa/ble_advdata.c.o
 .text.sd_ble_uuid_encode
                0x0000000000021824        0x4 _build/nrf52833_xxaa/ble_advdata.c.o
 .text.uuid_list_sized_encode
                0x0000000000021828       0xb8 _build/nrf52833_xxaa/ble_advdata.c.o
 .text.ble_advdata_encode
                0x00000000000218e0      0x424 _build/nrf52833_xxaa/ble_advdata.c.o
                0x00000000000218e0                ble_advdata_encode
 .text.ble_advdata_parse
                0x0000000000021d04       0x4c _build/nrf52833_xxaa/ble_advdata.c.o
                0x0000000000021d04                ble_advdata_parse
 .text.sd_ble_gap_adv_set_configure
                0x0000000000021d50        0x4 _build/nrf52833_xxaa/ble_advertising.c.o
 .text.sd_ble_gap_adv_start
                0x0000000000021d54        0x4 _build/nrf52833_xxaa/ble_advertising.c.o
 .text.sd_ble_gap_adv_stop
                0x0000000000021d58        0x4 _build/nrf52833_xxaa/ble_advertising.c.o
 .text.ble_advertising_start.part.0
                0x0000000000021d5c      0x2d4 _build/nrf52833_xxaa/ble_advertising.c.o
 .text.ble_advertising_conn_cfg_tag_set
                0x0000000000022030        0x8 _build/nrf52833_xxaa/ble_advertising.c.o
                0x0000000000022030                ble_advertising_conn_cfg_tag_set
 .text.ble_advertising_init
                0x0000000000022038       0xf4 _build/nrf52833_xxaa/ble_advertising.c.o
                0x0000000000022038                ble_advertising_init
 .text.ble_advertising_start
                0x000000000002212c        0xc _build/nrf52833_xxaa/ble_advertising.c.o
                0x000000000002212c                ble_advertising_start
 .text.ble_advertising_on_ble_evt
                0x0000000000022138       0x8c _build/nrf52833_xxaa/ble_advertising.c.o
                0x0000000000022138                ble_advertising_on_ble_evt
 .text.ble_advertising_restart_without_whitelist
                0x00000000000221c4       0x60 _build/nrf52833_xxaa/ble_advertising.c.o
                0x00000000000221c4                ble_advertising_restart_without_whitelist
 .text.sd_ble_gap_conn_param_update
                0x0000000000022224        0x4 _build/nrf52833_xxaa/ble_conn_params.c.o
 .text.sd_ble_gap_disconnect
                0x0000000000022228        0x4 _build/nrf52833_xxaa/ble_conn_params.c.o
 .text.sd_ble_gap_ppcp_set
                0x000000000002222c        0x4 _build/nrf52833_xxaa/ble_conn_params.c.o
 .text.sd_ble_gap_ppcp_get
                0x0000000000022230        0x4 _build/nrf52833_xxaa/ble_conn_params.c.o
 .text.update_timeout_handler
                0x0000000000022234       0x80 _build/nrf52833_xxaa/ble_conn_params.c.o
 .text.ble_evt_handler
                0x00000000000222b4      0x1d0 _build/nrf52833_xxaa/ble_conn_params.c.o
 .text.ble_conn_params_init
                0x0000000000022484       0x78 _build/nrf52833_xxaa/ble_conn_params.c.o
                0x0000000000022484                ble_conn_params_init
 .text.ble_evt_handler
                0x00000000000224fc      0x13c _build/nrf52833_xxaa/ble_conn_state.c.o
 .text.ble_conn_state_conn_idx
                0x0000000000022638       0x24 _build/nrf52833_xxaa/ble_conn_state.c.o
                0x0000000000022638                ble_conn_state_conn_idx
 .text.blcm_link_ctx_get
                0x000000000002265c       0x50 _build/nrf52833_xxaa/ble_link_ctx_manager.c.o
                0x000000000002265c                blcm_link_ctx_get
 .text.sd_ble_gatts_characteristic_add
                0x00000000000226ac        0x4 _build/nrf52833_xxaa/ble_srv_common.c.o
 .text.ble_srv_is_notification_enabled
                0x00000000000226b0        0x8 _build/nrf52833_xxaa/ble_srv_common.c.o
                0x00000000000226b0                ble_srv_is_notification_enabled
 .text.characteristic_add
                0x00000000000226b8      0x270 _build/nrf52833_xxaa/ble_srv_common.c.o
                0x00000000000226b8                characteristic_add
 .text.sd_ble_gap_data_length_update
                0x0000000000022928        0x4 _build/nrf52833_xxaa/nrf_ble_gatt.c.o
 .text.sd_ble_gattc_exchange_mtu_request
                0x000000000002292c        0x4 _build/nrf52833_xxaa/nrf_ble_gatt.c.o
 .text.sd_ble_gatts_exchange_mtu_reply
                0x0000000000022930        0x4 _build/nrf52833_xxaa/nrf_ble_gatt.c.o
 .text.data_length_update
                0x0000000000022934       0x8c _build/nrf52833_xxaa/nrf_ble_gatt.c.o
 .text.nrf_ble_gatt_init
                0x00000000000229c0       0x30 _build/nrf52833_xxaa/nrf_ble_gatt.c.o
                0x00000000000229c0                nrf_ble_gatt_init
 .text.nrf_ble_gatt_att_mtu_periph_set
                0x00000000000229f0       0x18 _build/nrf52833_xxaa/nrf_ble_gatt.c.o
                0x00000000000229f0                nrf_ble_gatt_att_mtu_periph_set
 .text.nrf_ble_gatt_on_ble_evt
                0x0000000000022a08      0x1cc _build/nrf52833_xxaa/nrf_ble_gatt.c.o
                0x0000000000022a08                nrf_ble_gatt_on_ble_evt
 .text.sd_ble_gatts_rw_authorize_reply
                0x0000000000022bd4        0x4 _build/nrf52833_xxaa/nrf_ble_qwr.c.o
 .text.sd_ble_user_mem_reply
                0x0000000000022bd8        0x4 _build/nrf52833_xxaa/nrf_ble_qwr.c.o
 .text.nrf_ble_qwr_init
                0x0000000000022bdc       0x24 _build/nrf52833_xxaa/nrf_ble_qwr.c.o
                0x0000000000022bdc                nrf_ble_qwr_init
 .text.nrf_ble_qwr_conn_handle_assign
                0x0000000000022c00       0x18 _build/nrf52833_xxaa/nrf_ble_qwr.c.o
                0x0000000000022c00                nrf_ble_qwr_conn_handle_assign
 .text.nrf_ble_qwr_on_ble_evt
                0x0000000000022c18       0xec _build/nrf52833_xxaa/nrf_ble_qwr.c.o
                0x0000000000022c18                nrf_ble_qwr_on_ble_evt
 .text.sd_ble_gatts_service_add
                0x0000000000022d04        0x4 _build/nrf52833_xxaa/ble_nus.c.o
 .text.sd_ble_gatts_value_get
                0x0000000000022d08        0x4 _build/nrf52833_xxaa/ble_nus.c.o
 .text.sd_ble_gatts_hvx
                0x0000000000022d0c        0x4 _build/nrf52833_xxaa/ble_nus.c.o
 .text.sd_ble_uuid_vs_add
                0x0000000000022d10        0x4 _build/nrf52833_xxaa/ble_nus.c.o
 .text.ble_nus_on_ble_evt
                0x0000000000022d14      0x134 _build/nrf52833_xxaa/ble_nus.c.o
                0x0000000000022d14                ble_nus_on_ble_evt
 .text.ble_nus_init
                0x0000000000022e48       0xe4 _build/nrf52833_xxaa/ble_nus.c.o
                0x0000000000022e48                ble_nus_init
 .text.ble_nus_data_send
                0x0000000000022f2c       0x6c _build/nrf52833_xxaa/ble_nus.c.o
                0x0000000000022f2c                ble_nus_data_send
 .text.sd_softdevice_enable
                0x0000000000022f98        0x4 _build/nrf52833_xxaa/nrf_sdh.c.o
 .text.nrf_sdh_enable_request.part.0
                0x0000000000022f9c      0x10c _build/nrf52833_xxaa/nrf_sdh.c.o
 .text.nrf_sdh_enable_request
                0x00000000000230a8       0x14 _build/nrf52833_xxaa/nrf_sdh.c.o
                0x00000000000230a8                nrf_sdh_enable_request
 .text.nrf_sdh_is_enabled
                0x00000000000230bc        0xc _build/nrf52833_xxaa/nrf_sdh.c.o
                0x00000000000230bc                nrf_sdh_is_enabled
 .text.SWI2_EGU2_IRQHandler
                0x00000000000230c8       0x2c _build/nrf52833_xxaa/nrf_sdh.c.o
                0x00000000000230c8                SWI2_EGU2_IRQHandler
 .text.sd_ble_enable
                0x00000000000230f4        0x4 _build/nrf52833_xxaa/nrf_sdh_ble.c.o
 .text.sd_ble_cfg_set
                0x00000000000230f8        0x4 _build/nrf52833_xxaa/nrf_sdh_ble.c.o
 .text.sd_ble_evt_get
                0x00000000000230fc        0x4 _build/nrf52833_xxaa/nrf_sdh_ble.c.o
 .text.nrf_sdh_ble_evts_poll.part.0
                0x0000000000023100       0x5c _build/nrf52833_xxaa/nrf_sdh_ble.c.o
 .text.nrf_sdh_ble_evts_poll
                0x000000000002315c       0x10 _build/nrf52833_xxaa/nrf_sdh_ble.c.o
 .text.nrf_sdh_ble_default_cfg_set
                0x000000000002316c      0x1b0 _build/nrf52833_xxaa/nrf_sdh_ble.c.o
                0x000000000002316c                nrf_sdh_ble_default_cfg_set
 .text.nrf_sdh_ble_enable
                0x000000000002331c       0x9c _build/nrf52833_xxaa/nrf_sdh_ble.c.o
                0x000000000002331c                nrf_sdh_ble_enable
 .text.sd_evt_get
                0x00000000000233b8        0x4 _build/nrf52833_xxaa/nrf_sdh_soc.c.o
 .text.nrf_sdh_soc_evts_poll
                0x00000000000233bc       0x50 _build/nrf52833_xxaa/nrf_sdh_soc.c.o
 .text.exit     0x000000000002340c       0x24 /opt/arm-gnu-toolchain-12.2.rel1-aarch64-arm-none-eabi/bin/../lib/gcc/arm-none-eabi/12.2.1/../../../../arm-none-eabi/lib/thumb/v7e-m+fp/hard/libc_nano.a(libc_a-exit.o)
                0x000000000002340c                exit
 .text.std      0x0000000000023430       0x6c /opt/arm-gnu-toolchain-12.2.rel1-aarch64-arm-none-eabi/bin/../lib/gcc/arm-none-eabi/12.2.1/../../../../arm-none-eabi/lib/thumb/v7e-m+fp/hard/libc_nano.a(libc_a-findfp.o)
 .text.stdio_exit_handler
                0x000000000002349c       0x18 /opt/arm-gnu-toolchain-12.2.rel1-aarch64-arm-none-eabi/bin/../lib/gcc/arm-none-eabi/12.2.1/../../../../arm-none-eabi/lib/thumb/v7e-m+fp/hard/libc_nano.a(libc_a-findfp.o)
 .text.cleanup_stdio
                0x00000000000234b4       0x40 /opt/arm-gnu-toolchain-12.2.rel1-aarch64-arm-none-eabi/bin/../lib/gcc/arm-none-eabi/12.2.1/../../../../arm-none-eabi/lib/thumb/v7e-m+fp/hard/libc_nano.a(libc_a-findfp.o)
 .text.global_stdio_init.part.0
                0x00000000000234f4       0x3c /opt/arm-gnu-toolchain-12.2.rel1-aarch64-arm-none-eabi/bin/../lib/gcc/arm-none-eabi/12.2.1/../../../../arm-none-eabi/lib/thumb/v7e-m+fp/hard/libc_nano.a(libc_a-findfp.o)
 .text.__sfp_lock_acquire
                0x0000000000023530        0xc /opt/arm-gnu-toolchain-12.2.rel1-aarch64-arm-none-eabi/bin/../lib/gcc/arm-none-eabi/12.2.1/../../../../arm-none-eabi/lib/thumb/v7e-m+fp/hard/libc_nano.a(libc_a-findfp.o)
                0x0000000000023530                __sfp_lock_acquire
 .text.__sfp_lock_release
                0x000000000002353c        0xc /opt/arm-gnu-toolchain-12.2.rel1-aarch64-arm-none-eabi/bin/../lib/gcc/arm-none-eabi/12.2.1/../../../../arm-none-eabi/lib/thumb/v7e-m+fp/hard/libc_nano.a(libc_a-findfp.o)
                0x000000000002353c                __sfp_lock_release
 .text.__sinit  0x0000000000023548       0x30 /opt/arm-gnu-toolchain-12.2.rel1-aarch64-arm-none-eabi/bin/../lib/gcc/arm-none-eabi/12.2.1/../../../../arm-none-eabi/lib/thumb/v7e-m+fp/hard/libc_nano.a(libc_a-findfp.o)
                0x0000000000023548                __sinit
 .text._fwalk_sglue
                0x0000000000023578       0x3c /opt/arm-gnu-toolchain-12.2.rel1-aarch64-arm-none-eabi/bin/../lib/gcc/arm-none-eabi/12.2.1/../../../../arm-none-eabi/lib/thumb/v7e-m+fp/hard/libc_nano.a(libc_a-fwalk.o)
                0x0000000000023578                _fwalk_sglue
 .text.printf   0x00000000000235b4       0x24 /opt/arm-gnu-toolchain-12.2.rel1-aarch64-arm-none-eabi/bin/../lib/gcc/arm-none-eabi/12.2.1/../../../../arm-none-eabi/lib/thumb/v7e-m+fp/hard/libc_nano.a(libc_a-printf.o)
                0x00000000000235b4                printf
                0x00000000000235b4                iprintf
 .text.__sread  0x00000000000235d8       0x22 /opt/arm-gnu-toolchain-12.2.rel1-aarch64-arm-none-eabi/bin/../lib/gcc/arm-none-eabi/12.2.1/../../../../arm-none-eabi/lib/thumb/v7e-m+fp/hard/libc_nano.a(libc_a-stdio.o)
                0x00000000000235d8                __sread
 .text.__swrite
                0x00000000000235fa       0x38 /opt/arm-gnu-toolchain-12.2.rel1-aarch64-arm-none-eabi/bin/../lib/gcc/arm-none-eabi/12.2.1/../../../../arm-none-eabi/lib/thumb/v7e-m+fp/hard/libc_nano.a(libc_a-stdio.o)
                0x00000000000235fa                __swrite
 .text.__sseek  0x0000000000023632       0x24 /opt/arm-gnu-toolchain-12.2.rel1-aarch64-arm-none-eabi/bin/../lib/gcc/arm-none-eabi/12.2.1/../../../../arm-none-eabi/lib/thumb/v7e-m+fp/hard/libc_nano.a(libc_a-stdio.o)
                0x0000000000023632                __sseek
 .text.__sclose
                0x0000000000023656        0x8 /opt/arm-gnu-toolchain-12.2.rel1-aarch64-arm-none-eabi/bin/../lib/gcc/arm-none-eabi/12.2.1/../../../../arm-none-eabi/lib/thumb/v7e-m+fp/hard/libc_nano.a(libc_a-stdio.o)
                0x0000000000023656                __sclose
 .text.memset   0x000000000002365e       0x10 /opt/arm-gnu-toolchain-12.2.rel1-aarch64-arm-none-eabi/bin/../lib/gcc/arm-none-eabi/12.2.1/../../../../arm-none-eabi/lib/thumb/v7e-m+fp/hard/libc_nano.a(libc_a-memset.o)
                0x000000000002365e                memset
 *fill*         0x000000000002366e        0x2 
 .text._close_r
                0x0000000000023670       0x20 /opt/arm-gnu-toolchain-12.2.rel1-aarch64-arm-none-eabi/bin/../lib/gcc/arm-none-eabi/12.2.1/../../../../arm-none-eabi/lib/thumb/v7e-m+fp/hard/libc_nano.a(libc_a-closer.o)
                0x0000000000023670                _close_r
 .text._lseek_r
                0x0000000000023690       0x24 /opt/arm-gnu-toolchain-12.2.rel1-aarch64-arm-none-eabi/bin/../lib/gcc/arm-none-eabi/12.2.1/../../../../arm-none-eabi/lib/thumb/v7e-m+fp/hard/libc_nano.a(libc_a-lseekr.o)
                0x0000000000023690                _lseek_r
 .text._read_r  0x00000000000236b4       0x24 /opt/arm-gnu-toolchain-12.2.rel1-aarch64-arm-none-eabi/bin/../lib/gcc/arm-none-eabi/12.2.1/../../../../arm-none-eabi/lib/thumb/v7e-m+fp/hard/libc_nano.a(libc_a-readr.o)
                0x00000000000236b4                _read_r
 .text._write_r
                0x00000000000236d8       0x24 /opt/arm-gnu-toolchain-12.2.rel1-aarch64-arm-none-eabi/bin/../lib/gcc/arm-none-eabi/12.2.1/../../../../arm-none-eabi/lib/thumb/v7e-m+fp/hard/libc_nano.a(libc_a-writer.o)
                0x00000000000236d8                _write_r
 .text.__libc_init_array
                0x00000000000236fc       0x48 /opt/arm-gnu-toolchain-12.2.rel1-aarch64-arm-none-eabi/bin/../lib/gcc/arm-none-eabi/12.2.1/../../../../arm-none-eabi/lib/thumb/v7e-m+fp/hard/libc_nano.a(libc_a-init.o)
                0x00000000000236fc                __libc_init_array
 .text.__retarget_lock_init_recursive
                0x0000000000023744        0x2 /opt/arm-gnu-toolchain-12.2.rel1-aarch64-arm-none-eabi/bin/../lib/gcc/arm-none-eabi/12.2.1/../../../../arm-none-eabi/lib/thumb/v7e-m+fp/hard/libc_nano.a(libc_a-lock.o)
                0x0000000000023744                __retarget_lock_init_recursive
 .text.__retarget_lock_acquire_recursive
                0x0000000000023746        0x2 /opt/arm-gnu-toolchain-12.2.rel1-aarch64-arm-none-eabi/bin/../lib/gcc/arm-none-eabi/12.2.1/../../../../arm-none-eabi/lib/thumb/v7e-m+fp/hard/libc_nano.a(libc_a-lock.o)
                0x0000000000023746                __retarget_lock_acquire_recursive
 .text.__retarget_lock_release_recursive
                0x0000000000023748        0x2 /opt/arm-gnu-toolchain-12.2.rel1-aarch64-arm-none-eabi/bin/../lib/gcc/arm-none-eabi/12.2.1/../../../../arm-none-eabi/lib/thumb/v7e-m+fp/hard/libc_nano.a(libc_a-lock.o)
                0x0000000000023748                __retarget_lock_release_recursive
 .text.strcpy   0x000000000002374a       0x10 /opt/arm-gnu-toolchain-12.2.rel1-aarch64-arm-none-eabi/bin/../lib/gcc/arm-none-eabi/12.2.1/../../../../arm-none-eabi/lib/thumb/v7e-m+fp/hard/libc_nano.a(libc_a-strcpy.o)
                0x000000000002374a                strcpy
 .text.memcpy   0x000000000002375a       0x1c /opt/arm-gnu-toolchain-12.2.rel1-aarch64-arm-none-eabi/bin/../lib/gcc/arm-none-eabi/12.2.1/../../../../arm-none-eabi/lib/thumb/v7e-m+fp/hard/libc_nano.a(libc_a-memcpy-stub.o)
                0x000000000002375a                memcpy
 .text          0x0000000000023776       0x10 /opt/arm-gnu-toolchain-12.2.rel1-aarch64-arm-none-eabi/bin/../lib/gcc/arm-none-eabi/12.2.1/../../../../arm-none-eabi/lib/thumb/v7e-m+fp/hard/libc_nano.a(libc_a-strlen.o)
                0x0000000000023776                strlen
 *fill*         0x0000000000023786        0x2 
 .text._free_r  0x0000000000023788       0x94 /opt/arm-gnu-toolchain-12.2.rel1-aarch64-arm-none-eabi/bin/../lib/gcc/arm-none-eabi/12.2.1/../../../../arm-none-eabi/lib/thumb/v7e-m+fp/hard/libc_nano.a(libc_a-freer.o)
                0x0000000000023788                _free_r
 .text.sbrk_aligned
                0x000000000002381c       0x44 /opt/arm-gnu-toolchain-12.2.rel1-aarch64-arm-none-eabi/bin/../lib/gcc/arm-none-eabi/12.2.1/../../../../arm-none-eabi/lib/thumb/v7e-m+fp/hard/libc_nano.a(libc_a-mallocr.o)
 .text._malloc_r
                0x0000000000023860       0xf0 /opt/arm-gnu-toolchain-12.2.rel1-aarch64-arm-none-eabi/bin/../lib/gcc/arm-none-eabi/12.2.1/../../../../arm-none-eabi/lib/thumb/v7e-m+fp/hard/libc_nano.a(libc_a-mallocr.o)
                0x0000000000023860                _malloc_r
 .text.__malloc_lock
                0x0000000000023950        0xc /opt/arm-gnu-toolchain-12.2.rel1-aarch64-arm-none-eabi/bin/../lib/gcc/arm-none-eabi/12.2.1/../../../../arm-none-eabi/lib/thumb/v7e-m+fp/hard/libc_nano.a(libc_a-mlock.o)
                0x0000000000023950                __malloc_lock
 .text.__malloc_unlock
                0x000000000002395c        0xc /opt/arm-gnu-toolchain-12.2.rel1-aarch64-arm-none-eabi/bin/../lib/gcc/arm-none-eabi/12.2.1/../../../../arm-none-eabi/lib/thumb/v7e-m+fp/hard/libc_nano.a(libc_a-mlock.o)
                0x000000000002395c                __malloc_unlock
 .text.__sfputc_r
                0x0000000000023968       0x2e /opt/arm-gnu-toolchain-12.2.rel1-aarch64-arm-none-eabi/bin/../lib/gcc/arm-none-eabi/12.2.1/../../../../arm-none-eabi/lib/thumb/v7e-m+fp/hard/libc_nano.a(libc_a-nano-vfprintf.o)
 .text.__sfputs_r
                0x0000000000023996       0x24 /opt/arm-gnu-toolchain-12.2.rel1-aarch64-arm-none-eabi/bin/../lib/gcc/arm-none-eabi/12.2.1/../../../../arm-none-eabi/lib/thumb/v7e-m+fp/hard/libc_nano.a(libc_a-nano-vfprintf.o)
                0x0000000000023996                __sfputs_r
 *fill*         0x00000000000239ba        0x2 
 .text._vfprintf_r
                0x00000000000239bc      0x230 /opt/arm-gnu-toolchain-12.2.rel1-aarch64-arm-none-eabi/bin/../lib/gcc/arm-none-eabi/12.2.1/../../../../arm-none-eabi/lib/thumb/v7e-m+fp/hard/libc_nano.a(libc_a-nano-vfprintf.o)
                0x00000000000239bc                _vfiprintf_r
                0x00000000000239bc                _vfprintf_r
 .text._printf_common
                0x0000000000023bec       0xda /opt/arm-gnu-toolchain-12.2.rel1-aarch64-arm-none-eabi/bin/../lib/gcc/arm-none-eabi/12.2.1/../../../../arm-none-eabi/lib/thumb/v7e-m+fp/hard/libc_nano.a(libc_a-nano-vfprintf_i.o)
                0x0000000000023bec                _printf_common
 *fill*         0x0000000000023cc6        0x2 
 .text._printf_i
                0x0000000000023cc8      0x258 /opt/arm-gnu-toolchain-12.2.rel1-aarch64-arm-none-eabi/bin/../lib/gcc/arm-none-eabi/12.2.1/../../../../arm-none-eabi/lib/thumb/v7e-m+fp/hard/libc_nano.a(libc_a-nano-vfprintf_i.o)
                0x0000000000023cc8                _printf_i
 .text.__sflush_r
                0x0000000000023f20      0x108 /opt/arm-gnu-toolchain-12.2.rel1-aarch64-arm-none-eabi/bin/../lib/gcc/arm-none-eabi/12.2.1/../../../../arm-none-eabi/lib/thumb/v7e-m+fp/hard/libc_nano.a(libc_a-fflush.o)
                0x0000000000023f20                __sflush_r
 .text._fflush_r
                0x0000000000024028       0x50 /opt/arm-gnu-toolchain-12.2.rel1-aarch64-arm-none-eabi/bin/../lib/gcc/arm-none-eabi/12.2.1/../../../../arm-none-eabi/lib/thumb/v7e-m+fp/hard/libc_nano.a(libc_a-fflush.o)
                0x0000000000024028                _fflush_r
 .text.__swbuf_r
                0x0000000000024078       0x7c /opt/arm-gnu-toolchain-12.2.rel1-aarch64-arm-none-eabi/bin/../lib/gcc/arm-none-eabi/12.2.1/../../../../arm-none-eabi/lib/thumb/v7e-m+fp/hard/libc_nano.a(libc_a-wbuf.o)
                0x0000000000024078                __swbuf_r
 .text.__swsetup_r
                0x00000000000240f4       0xac /opt/arm-gnu-toolchain-12.2.rel1-aarch64-arm-none-eabi/bin/../lib/gcc/arm-none-eabi/12.2.1/../../../../arm-none-eabi/lib/thumb/v7e-m+fp/hard/libc_nano.a(libc_a-wsetup.o)
                0x00000000000240f4                __swsetup_r
 .text._sbrk_r  0x00000000000241a0       0x20 /opt/arm-gnu-toolchain-12.2.rel1-aarch64-arm-none-eabi/bin/../lib/gcc/arm-none-eabi/12.2.1/../../../../arm-none-eabi/lib/thumb/v7e-m+fp/hard/libc_nano.a(libc_a-sbrkr.o)
                0x00000000000241a0                _sbrk_r
 .text          0x00000000000241c0       0xa0 /opt/arm-gnu-toolchain-12.2.rel1-aarch64-arm-none-eabi/bin/../lib/gcc/arm-none-eabi/12.2.1/../../../../arm-none-eabi/lib/thumb/v7e-m+fp/hard/libc_nano.a(libc_a-memchr.o)
                0x00000000000241c0                memchr
 .text.__swhatbuf_r
                0x0000000000024260       0x4c /opt/arm-gnu-toolchain-12.2.rel1-aarch64-arm-none-eabi/bin/../lib/gcc/arm-none-eabi/12.2.1/../../../../arm-none-eabi/lib/thumb/v7e-m+fp/hard/libc_nano.a(libc_a-makebuf.o)
                0x0000000000024260                __swhatbuf_r
 .text.__smakebuf_r
                0x00000000000242ac       0x78 /opt/arm-gnu-toolchain-12.2.rel1-aarch64-arm-none-eabi/bin/../lib/gcc/arm-none-eabi/12.2.1/../../../../arm-none-eabi/lib/thumb/v7e-m+fp/hard/libc_nano.a(libc_a-makebuf.o)
                0x00000000000242ac                __smakebuf_r
 .text._fstat_r
                0x0000000000024324       0x24 /opt/arm-gnu-toolchain-12.2.rel1-aarch64-arm-none-eabi/bin/../lib/gcc/arm-none-eabi/12.2.1/../../../../arm-none-eabi/lib/thumb/v7e-m+fp/hard/libc_nano.a(libc_a-fstatr.o)
                0x0000000000024324                _fstat_r
 .text._isatty_r
                0x0000000000024348       0x20 /opt/arm-gnu-toolchain-12.2.rel1-aarch64-arm-none-eabi/bin/../lib/gcc/arm-none-eabi/12.2.1/../../../../arm-none-eabi/lib/thumb/v7e-m+fp/hard/libc_nano.a(libc_a-isattyr.o)
                0x0000000000024348                _isatty_r
 .text._close   0x0000000000024368       0x10 /opt/arm-gnu-toolchain-12.2.rel1-aarch64-arm-none-eabi/bin/../lib/gcc/arm-none-eabi/12.2.1/../../../../arm-none-eabi/lib/thumb/v7e-m+fp/hard/libnosys.a(close.o)
                0x0000000000024368                _close
 .text._fstat   0x0000000000024378       0x10 /opt/arm-gnu-toolchain-12.2.rel1-aarch64-arm-none-eabi/bin/../lib/gcc/arm-none-eabi/12.2.1/../../../../arm-none-eabi/lib/thumb/v7e-m+fp/hard/libnosys.a(fstat.o)
                0x0000000000024378                _fstat
 .text._isatty  0x0000000000024388       0x10 /opt/arm-gnu-toolchain-12.2.rel1-aarch64-arm-none-eabi/bin/../lib/gcc/arm-none-eabi/12.2.1/../../../../arm-none-eabi/lib/thumb/v7e-m+fp/hard/libnosys.a(isatty.o)
                0x0000000000024388                _isatty
 .text._lseek   0x0000000000024398       0x10 /opt/arm-gnu-toolchain-12.2.rel1-aarch64-arm-none-eabi/bin/../lib/gcc/arm-none-eabi/12.2.1/../../../../arm-none-eabi/lib/thumb/v7e-m+fp/hard/libnosys.a(lseek.o)
                0x0000000000024398                _lseek
 .text._sbrk    0x00000000000243a8       0x1c /opt/arm-gnu-toolchain-12.2.rel1-aarch64-arm-none-eabi/bin/../lib/gcc/arm-none-eabi/12.2.1/../../../../arm-none-eabi/lib/thumb/v7e-m+fp/hard/libnosys.a(sbrk.o)
                0x00000000000243a8                _sbrk
 .text._exit    0x00000000000243c4        0x4 /opt/arm-gnu-toolchain-12.2.rel1-aarch64-arm-none-eabi/bin/../lib/gcc/arm-none-eabi/12.2.1/../../../../arm-none-eabi/lib/thumb/v7e-m+fp/hard/libnosys.a(_exit.o)
                0x00000000000243c4                _exit
 .text          0x00000000000243c8       0x30 /opt/arm-gnu-toolchain-12.2.rel1-aarch64-arm-none-eabi/bin/../lib/gcc/arm-none-eabi/12.2.1/thumb/v7e-m+fp/hard/libgcc.a(_aeabi_uldivmod.o)
                0x00000000000243c8                __aeabi_uldivmod
 .text.__udivmoddi4
                0x00000000000243f8      0x2bc /opt/arm-gnu-toolchain-12.2.rel1-aarch64-arm-none-eabi/bin/../lib/gcc/arm-none-eabi/12.2.1/thumb/v7e-m+fp/hard/libgcc.a(_udivmoddi4.o)
                0x00000000000243f8                __udivmoddi4
 .text          0x00000000000246b4        0x4 /opt/arm-gnu-toolchain-12.2.rel1-aarch64-arm-none-eabi/bin/../lib/gcc/arm-none-eabi/12.2.1/thumb/v7e-m+fp/hard/libgcc.a(_dvmd_tls.o)
                0x00000000000246b4                __aeabi_ldiv0
                0x00000000000246b4                __aeabi_idiv0
 *(.init)
 .init          0x00000000000246b8        0x4 /opt/arm-gnu-toolchain-12.2.rel1-aarch64-arm-none-eabi/bin/../lib/gcc/arm-none-eabi/12.2.1/thumb/v7e-m+fp/hard/crti.o
                0x00000000000246b8                _init
 .init          0x00000000000246bc        0x8 /opt/arm-gnu-toolchain-12.2.rel1-aarch64-arm-none-eabi/bin/../lib/gcc/arm-none-eabi/12.2.1/thumb/v7e-m+fp/hard/crtn.o
 *(.fini)
 .fini          0x00000000000246c4        0x4 /opt/arm-gnu-toolchain-12.2.rel1-aarch64-arm-none-eabi/bin/../lib/gcc/arm-none-eabi/12.2.1/thumb/v7e-m+fp/hard/crti.o
                0x00000000000246c4                _fini
 .fini          0x00000000000246c8        0x8 /opt/arm-gnu-toolchain-12.2.rel1-aarch64-arm-none-eabi/bin/../lib/gcc/arm-none-eabi/12.2.1/thumb/v7e-m+fp/hard/crtn.o
 *crtbegin.o(.ctors)
 *crtbegin?.o(.ctors)
 *(EXCLUDE_FILE(*crtend.o *crtend?.o) .ctors)
 *(SORT_BY_NAME(.ctors.*))
 *(.ctors)
 *crtbegin.o(.dtors)
 *crtbegin?.o(.dtors)
 *(EXCLUDE_FILE(*crtend.o *crtend?.o) .dtors)
 *(SORT_BY_NAME(.dtors.*))
 *(.dtors)
 *(.rodata*)
 .rodata.delay_machine_code.0
                0x00000000000246d0        0x6 _build/nrf52833_xxaa/nrf_log_backend_rtt.c.o
 *fill*         0x00000000000246d6        0x2 
 .rodata.nrf_log_backend_rtt_api
                0x00000000000246d8        0xc _build/nrf52833_xxaa/nrf_log_backend_rtt.c.o
                0x00000000000246d8                nrf_log_backend_rtt_api
 .rodata.str1.4
                0x00000000000246e4       0x10 _build/nrf52833_xxaa/nrf_log_default_backends.c.o
 .rodata.nrf_log_frontend_dequeue.str1.4
                0x00000000000246f4       0x11 _build/nrf52833_xxaa/nrf_log_frontend.c.o
 *fill*         0x0000000000024705        0x3 
 .rodata.str1.4
                0x0000000000024708        0x4 _build/nrf52833_xxaa/nrf_log_frontend.c.o
 .rodata.m_log_push_ringbuf
                0x000000000002470c        0xc _build/nrf52833_xxaa/nrf_log_frontend.c.o
 .rodata.prefix_process.constprop.0.str1.4
                0x0000000000024718       0x36 _build/nrf52833_xxaa/nrf_log_str_formatter.c.o
 *fill*         0x000000000002474e        0x2 
 .rodata.nrf_log_std_entry_process.str1.4
                0x0000000000024750        0x3 _build/nrf52833_xxaa/nrf_log_str_formatter.c.o
 *fill*         0x0000000000024753        0x1 
 .rodata.nrf_log_hexdump_entry_process.str1.4
                0x0000000000024754       0x13 _build/nrf52833_xxaa/nrf_log_str_formatter.c.o
                                         0x16 (size before relaxing)
 *fill*         0x0000000000024767        0x1 
 .rodata.str1.4
                0x0000000000024768       0x56 _build/nrf52833_xxaa/nrf_log_str_formatter.c.o
 *fill*         0x00000000000247be        0x2 
 .rodata.m_colors
                0x00000000000247c0       0x24 _build/nrf52833_xxaa/nrf_log_str_formatter.c.o
 .rodata.severity_names
                0x00000000000247e4       0x14 _build/nrf52833_xxaa/nrf_log_str_formatter.c.o
 .rodata.m_detection_delay_timer_id
                0x00000000000247f8        0x4 _build/nrf52833_xxaa/app_button.c.o
 .rodata.str1.4
                0x00000000000247fc        0xb _build/nrf52833_xxaa/app_button.c.o
 *fill*         0x0000000000024807        0x1 
 .rodata.app_error_fault_handler.str1.4
                0x0000000000024808       0x19 _build/nrf52833_xxaa/app_error_weak.c.o
 *fill*         0x0000000000024821        0x3 
 .rodata.m_app_timer_sortlist
                0x0000000000024824        0xc _build/nrf52833_xxaa/app_timer2.c.o
 .rodata.str1.4
                0x0000000000024830        0xa _build/nrf52833_xxaa/app_timer2.c.o
 *fill*         0x000000000002483a        0x2 
 .rodata        0x000000000002483c        0x4 _build/nrf52833_xxaa/app_timer2.c.o
 .rodata        0x0000000000024840       0x20 _build/nrf52833_xxaa/app_uart_fifo.c.o
 .rodata.drv_rtc_init.str1.4
                0x0000000000024860       0x36 _build/nrf52833_xxaa/drv_rtc.c.o
 *fill*         0x0000000000024896        0xa 
 .rodata.delay_machine_code.0
                0x00000000000248a0        0x6 _build/nrf52833_xxaa/drv_rtc.c.o
 *fill*         0x00000000000248a6        0x2 
 .rodata._aV2C.0
                0x00000000000248a8       0x10 _build/nrf52833_xxaa/nrf_fprintf_format.c.o
 .rodata.pwr_mgmt_data
                0x00000000000248b8        0xc _build/nrf52833_xxaa/nrf_pwr_mgmt.c.o
 .rodata.str1.4
                0x00000000000248c4        0x9 _build/nrf52833_xxaa/nrf_pwr_mgmt.c.o
 *fill*         0x00000000000248cd        0x3 
 .rodata.str1.4
                0x00000000000248d0        0x9 _build/nrf52833_xxaa/nrf_sortlist.c.o
 *fill*         0x00000000000248d9        0x3 
 .rodata.str1.4
                0x00000000000248dc      0x3e9 _build/nrf52833_xxaa/nrf_strerror.c.o
 *fill*         0x0000000000024cc5        0x3 
 .rodata.nrf_strerror_array
                0x0000000000024cc8      0x128 _build/nrf52833_xxaa/nrf_strerror.c.o
 .rodata.m_unknown_str
                0x0000000000024df0       0x13 _build/nrf52833_xxaa/nrf_strerror.c.o
 *fill*         0x0000000000024e03        0x1 
 .rodata.CSWTCH.7
                0x0000000000024e04        0x3 _build/nrf52833_xxaa/system_nrf52833.c.o
 *fill*         0x0000000000024e07        0x1 
 .rodata.m_board_btn_list
                0x0000000000024e08        0x2 _build/nrf52833_xxaa/boards.c.o
 *fill*         0x0000000000024e0a        0x2 
 .rodata.m_board_led_list
                0x0000000000024e0c        0xa _build/nrf52833_xxaa/boards.c.o
 *fill*         0x0000000000024e16        0x2 
 .rodata.str1.4
                0x0000000000024e18        0x6 _build/nrf52833_xxaa/nrf_drv_clock.c.o
 *fill*         0x0000000000024e1e        0x2 
 .rodata.str1.4
                0x0000000000024e20        0x6 _build/nrf52833_xxaa/nrfx_clock.c.o
 *fill*         0x0000000000024e26        0x2 
 .rodata.str1.4
                0x0000000000024e28        0x7 _build/nrf52833_xxaa/nrfx_gpiote.c.o
 *fill*         0x0000000000024e2f        0x1 
 .rodata.str1.4
                0x0000000000024e30        0x4 _build/nrf52833_xxaa/nrfx_prs.c.o
 .rodata.str1.4
                0x0000000000024e34        0x5 _build/nrf52833_xxaa/nrfx_uart.c.o
 *fill*         0x0000000000024e39        0x3 
 .rodata.str1.4
                0x0000000000024e3c        0x6 _build/nrf52833_xxaa/nrfx_uarte.c.o
 *fill*         0x0000000000024e42        0x2 
 .rodata.app_buttons
                0x0000000000024e44       0x10 _build/nrf52833_xxaa/bsp.c.o
 .rodata.m_bsp_button_tmr
                0x0000000000024e54        0x4 _build/nrf52833_xxaa/bsp.c.o
 .rodata.m_bsp_alert_tmr
                0x0000000000024e58        0x4 _build/nrf52833_xxaa/bsp.c.o
 .rodata.m_bsp_leds_tmr
                0x0000000000024e5c        0x4 _build/nrf52833_xxaa/bsp.c.o
 .rodata.ble_evt_handler.str1.4
                0x0000000000024e60       0x19 _build/nrf52833_xxaa/ble_uart.c.o
 *fill*         0x0000000000024e79        0x3 
 .rodata.gatt_evt_handler.str1.4
                0x0000000000024e7c       0x1c _build/nrf52833_xxaa/ble_uart.c.o
 .rodata.ble_init.str1.4
                0x0000000000024e98       0x49 _build/nrf52833_xxaa/ble_uart.c.o
 *fill*         0x0000000000024ee1        0x3 
 .rodata        0x0000000000024ee4       0x18 _build/nrf52833_xxaa/ble_uart.c.o
 .rodata.SEGGER_RTT_ReadNoLock.str1.4
                0x0000000000024efc       0x17 _build/nrf52833_xxaa/SEGGER_RTT.c.o
 *fill*         0x0000000000024f13        0x1 
 .rodata.data_length_update.str1.4
                0x0000000000024f14       0xe2 _build/nrf52833_xxaa/nrf_ble_gatt.c.o
 *fill*         0x0000000000024ff6        0x2 
 .rodata.nrf_ble_gatt_on_ble_evt.str1.4
                0x0000000000024ff8       0x63 _build/nrf52833_xxaa/nrf_ble_gatt.c.o
 *fill*         0x000000000002505b        0x1 
 .rodata.str1.4
                0x000000000002505c        0xd _build/nrf52833_xxaa/nrf_ble_gatt.c.o
 *fill*         0x0000000000025069        0x3 
 .rodata.str1.4
                0x000000000002506c        0x8 _build/nrf52833_xxaa/ble_nus.c.o
 .rodata        0x0000000000025074       0x10 _build/nrf52833_xxaa/ble_nus.c.o
 .rodata.sdh_stack_observers
                0x0000000000025084        0xc _build/nrf52833_xxaa/nrf_sdh.c.o
 .rodata.sdh_state_observers
                0x0000000000025090        0xc _build/nrf52833_xxaa/nrf_sdh.c.o
 .rodata.sdh_req_observers
                0x000000000002509c        0xc _build/nrf52833_xxaa/nrf_sdh.c.o
 .rodata.str1.4
                0x00000000000250a8        0x8 _build/nrf52833_xxaa/nrf_sdh.c.o
 .rodata        0x00000000000250b0        0x4 _build/nrf52833_xxaa/nrf_sdh.c.o
 .rodata.nrf_sdh_ble_default_cfg_set.str1.4
                0x00000000000250b4      0x1cf _build/nrf52833_xxaa/nrf_sdh_ble.c.o
 *fill*         0x0000000000025283        0x1 
 .rodata.nrf_sdh_ble_enable.str1.4
                0x0000000000025284       0xad _build/nrf52833_xxaa/nrf_sdh_ble.c.o
 *fill*         0x0000000000025331        0x3 
 .rodata.sdh_ble_observers
                0x0000000000025334        0xc _build/nrf52833_xxaa/nrf_sdh_ble.c.o
 .rodata.str1.4
                0x0000000000025340        0xc _build/nrf52833_xxaa/nrf_sdh_ble.c.o
 .rodata.sdh_soc_observers
                0x000000000002534c        0xc _build/nrf52833_xxaa/nrf_sdh_soc.c.o
 .rodata.str1.4
                0x0000000000025358        0xc _build/nrf52833_xxaa/nrf_sdh_soc.c.o
 .rodata._ctype_
                0x0000000000025364      0x101 /opt/arm-gnu-toolchain-12.2.rel1-aarch64-arm-none-eabi/bin/../lib/gcc/arm-none-eabi/12.2.1/../../../../arm-none-eabi/lib/thumb/v7e-m+fp/hard/libc_nano.a(libc_a-ctype_.o)
                0x0000000000025364                _ctype_
 .rodata._vfprintf_r.str1.1
                0x0000000000025465       0x11 /opt/arm-gnu-toolchain-12.2.rel1-aarch64-arm-none-eabi/bin/../lib/gcc/arm-none-eabi/12.2.1/../../../../arm-none-eabi/lib/thumb/v7e-m+fp/hard/libc_nano.a(libc_a-nano-vfprintf.o)
 .rodata._printf_i.str1.1
                0x0000000000025476       0x22 /opt/arm-gnu-toolchain-12.2.rel1-aarch64-arm-none-eabi/bin/../lib/gcc/arm-none-eabi/12.2.1/../../../../arm-none-eabi/lib/thumb/v7e-m+fp/hard/libc_nano.a(libc_a-nano-vfprintf_i.o)
 *(.eh_frame*)
 .eh_frame      0x0000000000025498        0x0 /opt/arm-gnu-toolchain-12.2.rel1-aarch64-arm-none-eabi/bin/../lib/gcc/arm-none-eabi/12.2.1/thumb/v7e-m+fp/hard/crtbegin.o
 .eh_frame      0x0000000000025498        0x4 /opt/arm-gnu-toolchain-12.2.rel1-aarch64-arm-none-eabi/bin/../lib/gcc/arm-none-eabi/12.2.1/thumb/v7e-m+fp/hard/crtend.o

.glue_7         0x000000000002549c        0x0
 .glue_7        0x000000000002549c        0x0 linker stubs

.glue_7t        0x000000000002549c        0x0
 .glue_7t       0x000000000002549c        0x0 linker stubs

.vfp11_veneer   0x000000000002549c        0x0
 .vfp11_veneer  0x000000000002549c        0x0 linker stubs

.v4_bx          0x000000000002549c        0x0
 .v4_bx         0x000000000002549c        0x0 linker stubs

.iplt           0x000000000002549c        0x0
 .iplt          0x000000000002549c        0x0 /opt/arm-gnu-toolchain-12.2.rel1-aarch64-arm-none-eabi/bin/../lib/gcc/arm-none-eabi/12.2.1/thumb/v7e-m+fp/hard/crtbegin.o

.mem_section_dummy_rom

.sdh_soc_observers
                0x000000000002549c        0x8
                0x000000000002549c                PROVIDE (__start_sdh_soc_observers = .)
 *(SORT_BY_NAME(.sdh_soc_observers*))
 .sdh_soc_observers0
                0x000000000002549c        0x8 _build/nrf52833_xxaa/nrf_drv_clock.c.o
                0x00000000000254a4                PROVIDE (__stop_sdh_soc_observers = .)

.sdh_ble_observers
                0x00000000000254a4       0x40
                0x00000000000254a4                PROVIDE (__start_sdh_ble_observers = .)
 *(SORT_BY_NAME(.sdh_ble_observers*))
 .sdh_ble_observers0
                0x00000000000254a4        0x8 _build/nrf52833_xxaa/ble_conn_state.c.o
 .sdh_ble_observers1
                0x00000000000254ac        0x8 _build/nrf52833_xxaa/bsp_btn_ble.c.o
 .sdh_ble_observers1
                0x00000000000254b4       0x10 _build/nrf52833_xxaa/ble_uart.c.o
 .sdh_ble_observers1
                0x00000000000254c4        0x8 _build/nrf52833_xxaa/ble_conn_params.c.o
 .sdh_ble_observers2
                0x00000000000254cc       0x10 _build/nrf52833_xxaa/ble_uart.c.o
 .sdh_ble_observers3
                0x00000000000254dc        0x8 _build/nrf52833_xxaa/ble_uart.c.o
                0x00000000000254e4                PROVIDE (__stop_sdh_ble_observers = .)

.pwr_mgmt_data  0x00000000000254e4        0x0
                0x00000000000254e4                PROVIDE (__start_pwr_mgmt_data = .)
 *(SORT_BY_NAME(.pwr_mgmt_data*))
                0x00000000000254e4                PROVIDE (__stop_pwr_mgmt_data = .)

.sdh_req_observers
                0x00000000000254e4        0x0
                0x00000000000254e4                PROVIDE (__start_sdh_req_observers = .)
 *(SORT_BY_NAME(.sdh_req_observers*))
                0x00000000000254e4                PROVIDE (__stop_sdh_req_observers = .)

.sdh_state_observers
                0x00000000000254e4        0x8
                0x00000000000254e4                PROVIDE (__start_sdh_state_observers = .)
 *(SORT_BY_NAME(.sdh_state_observers*))
 .sdh_state_observers0
                0x00000000000254e4        0x8 _build/nrf52833_xxaa/nrf_drv_clock.c.o
                0x00000000000254ec                PROVIDE (__stop_sdh_state_observers = .)

.sdh_stack_observers
                0x00000000000254ec       0x10
                0x00000000000254ec                PROVIDE (__start_sdh_stack_observers = .)
 *(SORT_BY_NAME(.sdh_stack_observers*))
 .sdh_stack_observers0
                0x00000000000254ec        0x8 _build/nrf52833_xxaa/nrf_sdh_ble.c.o
 .sdh_stack_observers0
                0x00000000000254f4        0x8 _build/nrf52833_xxaa/nrf_sdh_soc.c.o
                0x00000000000254fc                PROVIDE (__stop_sdh_stack_observers = .)

.nrf_queue      0x00000000000254fc        0x0
                [!provide]                        PROVIDE (__start_nrf_queue = .)
 *(.nrf_queue)
                [!provide]                        PROVIDE (__stop_nrf_queue = .)

.nrf_balloc     0x00000000000254fc       0x14
                [!provide]                        PROVIDE (__start_nrf_balloc = .)
 *(.nrf_balloc)
 .nrf_balloc    0x00000000000254fc       0x14 _build/nrf52833_xxaa/nrf_log_frontend.c.o
                0x00000000000254fc                log_mempool
                [!provide]                        PROVIDE (__stop_nrf_balloc = .)

.cli_command    0x0000000000025510        0x0
                [!provide]                        PROVIDE (__start_cli_command = .)
 *(.cli_command)
                [!provide]                        PROVIDE (__stop_cli_command = .)

.crypto_data    0x0000000000025510        0x0
                [!provide]                        PROVIDE (__start_crypto_data = .)
 *(SORT_BY_NAME(.crypto_data*))
                [!provide]                        PROVIDE (__stop_crypto_data = .)

.log_const_data
                0x0000000000025510       0x80
                0x0000000000025510                PROVIDE (__start_log_const_data = .)
 *(SORT_BY_NAME(.log_const_data*))
 .log_const_data_CLOCK
                0x0000000000025510        0x8 _build/nrf52833_xxaa/nrfx_clock.c.o
                0x0000000000025510                m_nrf_log_CLOCK_logs_data_const
 .log_const_data_GPIOTE
                0x0000000000025518        0x8 _build/nrf52833_xxaa/nrfx_gpiote.c.o
                0x0000000000025518                m_nrf_log_GPIOTE_logs_data_const
 .log_const_data_PRS
                0x0000000000025520        0x8 _build/nrf52833_xxaa/nrfx_prs.c.o
                0x0000000000025520                m_nrf_log_PRS_logs_data_const
 .log_const_data_UART
                0x0000000000025528        0x8 _build/nrf52833_xxaa/nrfx_uart.c.o
                0x0000000000025528                m_nrf_log_UART_logs_data_const
 .log_const_data_UARTE
                0x0000000000025530        0x8 _build/nrf52833_xxaa/nrfx_uarte.c.o
                0x0000000000025530                m_nrf_log_UARTE_logs_data_const
 .log_const_data_app
                0x0000000000025538        0x8 _build/nrf52833_xxaa/nrf_log_frontend.c.o
                0x0000000000025538                m_nrf_log_app_logs_data_const
 .log_const_data_app_button
                0x0000000000025540        0x8 _build/nrf52833_xxaa/app_button.c.o
                0x0000000000025540                m_nrf_log_app_button_logs_data_const
 .log_const_data_app_timer
                0x0000000000025548        0x8 _build/nrf52833_xxaa/app_timer2.c.o
                0x0000000000025548                m_nrf_log_app_timer_logs_data_const
 .log_const_data_ble_nus
                0x0000000000025550        0x8 _build/nrf52833_xxaa/ble_nus.c.o
                0x0000000000025550                m_nrf_log_ble_nus_logs_data_const
 .log_const_data_clock
                0x0000000000025558        0x8 _build/nrf52833_xxaa/nrf_drv_clock.c.o
                0x0000000000025558                m_nrf_log_clock_logs_data_const
 .log_const_data_nrf_ble_gatt
                0x0000000000025560        0x8 _build/nrf52833_xxaa/nrf_ble_gatt.c.o
                0x0000000000025560                m_nrf_log_nrf_ble_gatt_logs_data_const
 .log_const_data_nrf_sdh
                0x0000000000025568        0x8 _build/nrf52833_xxaa/nrf_sdh.c.o
                0x0000000000025568                m_nrf_log_nrf_sdh_logs_data_const
 .log_const_data_nrf_sdh_ble
                0x0000000000025570        0x8 _build/nrf52833_xxaa/nrf_sdh_ble.c.o
                0x0000000000025570                m_nrf_log_nrf_sdh_ble_logs_data_const
 .log_const_data_nrf_sdh_soc
                0x0000000000025578        0x8 _build/nrf52833_xxaa/nrf_sdh_soc.c.o
                0x0000000000025578                m_nrf_log_nrf_sdh_soc_logs_data_const
 .log_const_data_pwr_mgmt
                0x0000000000025580        0x8 _build/nrf52833_xxaa/nrf_pwr_mgmt.c.o
                0x0000000000025580                m_nrf_log_pwr_mgmt_logs_data_const
 .log_const_data_sortlist
                0x0000000000025588        0x8 _build/nrf52833_xxaa/nrf_sortlist.c.o
                0x0000000000025588                m_nrf_log_sortlist_logs_data_const
                0x0000000000025590                PROVIDE (__stop_log_const_data = .)

.log_backends   0x0000000000025590       0x10
                [!provide]                        PROVIDE (__start_log_backends = .)
 *(SORT_BY_NAME(.log_backends*))
 .log_backends  0x0000000000025590       0x10 _build/nrf52833_xxaa/nrf_log_default_backends.c.o
                [!provide]                        PROVIDE (__stop_log_backends = .)

.ARM.extab
 *(.ARM.extab* .gnu.linkonce.armextab.*)
                0x00000000000255a0                __exidx_start = .

.ARM.exidx      0x00000000000255a0        0x8
 *(.ARM.exidx* .gnu.linkonce.armexidx.*)
 .ARM.exidx     0x00000000000255a0        0x8 /opt/arm-gnu-toolchain-12.2.rel1-aarch64-arm-none-eabi/bin/../lib/gcc/arm-none-eabi/12.2.1/../../../../arm-none-eabi/lib/thumb/v7e-m+fp/hard/crt0.o
                                         0x10 (size before relaxing)
 .ARM.exidx.text.__udivmoddi4
                0x00000000000255a8        0x0 /opt/arm-gnu-toolchain-12.2.rel1-aarch64-arm-none-eabi/bin/../lib/gcc/arm-none-eabi/12.2.1/thumb/v7e-m+fp/hard/libgcc.a(_udivmoddi4.o)
                                          0x8 (size before relaxing)
                0x00000000000255a8                __exidx_end = .

.rel.dyn        0x00000000000255a8        0x0
 .rel.iplt      0x00000000000255a8        0x0 /opt/arm-gnu-toolchain-12.2.rel1-aarch64-arm-none-eabi/bin/../lib/gcc/arm-none-eabi/12.2.1/thumb/v7e-m+fp/hard/crtbegin.o
                0x00000000000255a8                . = ALIGN (0x4)
                0x00000000000255a8                __etext = .

.data           0x0000000020002608      0x138 load address 0x00000000000255a8
                0x0000000020002608                __data_start__ = .
 *(vtable)
 *(.data*)
 .data.log_backend_cb_rtt_log_backend
                0x0000000020002608        0x8 _build/nrf52833_xxaa/nrf_log_default_backends.c.o
 .data.m_detection_delay_timer_id_data
                0x0000000020002610       0x20 _build/nrf52833_xxaa/app_button.c.o
 .data.m_rtc_inst
                0x0000000020002630        0x8 _build/nrf52833_xxaa/app_timer2.c.o
 .data.app_uart_inst
                0x0000000020002638       0x14 _build/nrf52833_xxaa/app_uart_fifo.c.o
 .data.SystemCoreClock
                0x000000002000264c        0x4 _build/nrf52833_xxaa/system_nrf52833.c.o
                0x000000002000264c                SystemCoreClock
 .data.m_bsp_button_tmr_data
                0x0000000020002650       0x20 _build/nrf52833_xxaa/bsp.c.o
 .data.m_bsp_alert_tmr_data
                0x0000000020002670       0x20 _build/nrf52833_xxaa/bsp.c.o
 .data.m_bsp_leds_tmr_data
                0x0000000020002690       0x20 _build/nrf52833_xxaa/bsp.c.o
 .data.m_adv_uuids
                0x00000000200026b0        0x4 _build/nrf52833_xxaa/ble_uart.c.o
 .data.m_ble_nus_max_data_len
                0x00000000200026b4        0x2 _build/nrf52833_xxaa/ble_uart.c.o
 .data.m_conn_handle
                0x00000000200026b6        0x2 _build/nrf52833_xxaa/ble_uart.c.o
 .data.m_nus    0x00000000200026b8       0x1c _build/nrf52833_xxaa/ble_uart.c.o
 .data.m_nus_link_ctx_storage
                0x00000000200026d4        0x8 _build/nrf52833_xxaa/ble_uart.c.o
 .data.__sglue  0x00000000200026dc        0xc /opt/arm-gnu-toolchain-12.2.rel1-aarch64-arm-none-eabi/bin/../lib/gcc/arm-none-eabi/12.2.1/../../../../arm-none-eabi/lib/thumb/v7e-m+fp/hard/libc_nano.a(libc_a-findfp.o)
                0x00000000200026dc                __sglue
 .data._impure_ptr
                0x00000000200026e8        0x4 /opt/arm-gnu-toolchain-12.2.rel1-aarch64-arm-none-eabi/bin/../lib/gcc/arm-none-eabi/12.2.1/../../../../arm-none-eabi/lib/thumb/v7e-m+fp/hard/libc_nano.a(libc_a-impure.o)
                0x00000000200026e8                _impure_ptr
 .data._impure_data
                0x00000000200026ec       0x4c /opt/arm-gnu-toolchain-12.2.rel1-aarch64-arm-none-eabi/bin/../lib/gcc/arm-none-eabi/12.2.1/../../../../arm-none-eabi/lib/thumb/v7e-m+fp/hard/libc_nano.a(libc_a-impure.o)
                0x00000000200026ec                _impure_data
                0x0000000020002738                . = ALIGN (0x4)
                0x0000000020002738                PROVIDE (__preinit_array_start = .)
 *(.preinit_array)
                0x0000000020002738                PROVIDE (__preinit_array_end = .)
                0x0000000020002738                . = ALIGN (0x4)
                0x0000000020002738                PROVIDE (__init_array_start = .)
 *(SORT_BY_NAME(.init_array.*))
 *(.init_array)
 .init_array    0x0000000020002738        0x4 /opt/arm-gnu-toolchain-12.2.rel1-aarch64-arm-none-eabi/bin/../lib/gcc/arm-none-eabi/12.2.1/thumb/v7e-m+fp/hard/crtbegin.o
                0x000000002000273c                PROVIDE (__init_array_end = .)
                0x000000002000273c                . = ALIGN (0x4)
                [!provide]                        PROVIDE (__fini_array_start = .)
 *(SORT_BY_NAME(.fini_array.*))
 *(.fini_array)
 .fini_array    0x000000002000273c        0x4 /opt/arm-gnu-toolchain-12.2.rel1-aarch64-arm-none-eabi/bin/../lib/gcc/arm-none-eabi/12.2.1/thumb/v7e-m+fp/hard/crtbegin.o
                [!provide]                        PROVIDE (__fini_array_end = .)
 *(.jcr*)
                0x0000000020002740                . = ALIGN (0x4)
                0x0000000020002740                __data_end__ = .
LOAD /opt/arm-gnu-toolchain-12.2.rel1-aarch64-arm-none-eabi/bin/../lib/gcc/arm-none-eabi/12.2.1/thumb/v7e-m+fp/hard/crti.o
LOAD /opt/arm-gnu-toolchain-12.2.rel1-aarch64-arm-none-eabi/bin/../lib/gcc/arm-none-eabi/12.2.1/thumb/v7e-m+fp/hard/crtbegin.o
LOAD /opt/arm-gnu-toolchain-12.2.rel1-aarch64-arm-none-eabi/bin/../lib/gcc/arm-none-eabi/12.2.1/../../../../arm-none-eabi/lib/thumb/v7e-m+fp/hard/crt0.o
LOAD _build/nrf52833_xxaa/gcc_startup_nrf52833.S.o
LOAD _build/nrf52833_xxaa/nrf_log_backend_rtt.c.o
LOAD _build/nrf52833_xxaa/nrf_log_backend_serial.c.o
LOAD _build/nrf52833_xxaa/nrf_log_default_backends.c.o
LOAD _build/nrf52833_xxaa/nrf_log_frontend.c.o
LOAD _build/nrf52833_xxaa/nrf_log_str_formatter.c.o
LOAD _build/nrf52833_xxaa/app_button.c.o
LOAD _build/nrf52833_xxaa/app_error.c.o
LOAD _build/nrf52833_xxaa/app_error_handler_gcc.c.o
LOAD _build/nrf52833_xxaa/app_error_weak.c.o
LOAD _build/nrf52833_xxaa/app_fifo.c.o
LOAD _build/nrf52833_xxaa/app_scheduler.c.o
LOAD _build/nrf52833_xxaa/app_timer2.c.o
LOAD _build/nrf52833_xxaa/app_uart_fifo.c.o
LOAD _build/nrf52833_xxaa/app_util_platform.c.o
LOAD _build/nrf52833_xxaa/drv_rtc.c.o
LOAD _build/nrf52833_xxaa/hardfault_implementation.c.o
LOAD _build/nrf52833_xxaa/nrf_assert.c.o
LOAD _build/nrf52833_xxaa/nrf_atfifo.c.o
LOAD _build/nrf52833_xxaa/nrf_atflags.c.o
LOAD _build/nrf52833_xxaa/nrf_atomic.c.o
LOAD _build/nrf52833_xxaa/nrf_balloc.c.o
LOAD _build/nrf52833_xxaa/nrf_fprintf.c.o
LOAD _build/nrf52833_xxaa/nrf_fprintf_format.c.o
LOAD _build/nrf52833_xxaa/nrf_memobj.c.o
LOAD _build/nrf52833_xxaa/nrf_pwr_mgmt.c.o
LOAD _build/nrf52833_xxaa/nrf_ringbuf.c.o
LOAD _build/nrf52833_xxaa/nrf_section_iter.c.o
LOAD _build/nrf52833_xxaa/nrf_sortlist.c.o
LOAD _build/nrf52833_xxaa/nrf_strerror.c.o
LOAD _build/nrf52833_xxaa/retarget.c.o
LOAD _build/nrf52833_xxaa/system_nrf52833.c.o
LOAD _build/nrf52833_xxaa/boards.c.o
LOAD _build/nrf52833_xxaa/nrf_drv_clock.c.o
LOAD _build/nrf52833_xxaa/nrf_drv_uart.c.o
LOAD _build/nrf52833_xxaa/nrfx_atomic.c.o
LOAD _build/nrf52833_xxaa/nrfx_clock.c.o
LOAD _build/nrf52833_xxaa/nrfx_gpiote.c.o
LOAD _build/nrf52833_xxaa/nrfx_prs.c.o
LOAD _build/nrf52833_xxaa/nrfx_uart.c.o
LOAD _build/nrf52833_xxaa/nrfx_uarte.c.o
LOAD _build/nrf52833_xxaa/bsp.c.o
LOAD _build/nrf52833_xxaa/bsp_btn_ble.c.o
LOAD _build/nrf52833_xxaa/main.c.o
LOAD _build/nrf52833_xxaa/ble_uart.c.o
LOAD _build/nrf52833_xxaa/SEGGER_RTT.c.o
LOAD _build/nrf52833_xxaa/SEGGER_RTT_Syscalls_GCC.c.o
LOAD _build/nrf52833_xxaa/SEGGER_RTT_printf.c.o
LOAD _build/nrf52833_xxaa/ble_advdata.c.o
LOAD _build/nrf52833_xxaa/ble_advertising.c.o
LOAD _build/nrf52833_xxaa/ble_conn_params.c.o
LOAD _build/nrf52833_xxaa/ble_conn_state.c.o
LOAD _build/nrf52833_xxaa/ble_link_ctx_manager.c.o
LOAD _build/nrf52833_xxaa/ble_srv_common.c.o
LOAD _build/nrf52833_xxaa/nrf_ble_gatt.c.o
LOAD _build/nrf52833_xxaa/nrf_ble_qwr.c.o
LOAD _build/nrf52833_xxaa/utf.c.o
LOAD _build/nrf52833_xxaa/ble_nus.c.o
LOAD _build/nrf52833_xxaa/nrf_sdh.c.o
LOAD _build/nrf52833_xxaa/nrf_sdh_ble.c.o
LOAD _build/nrf52833_xxaa/nrf_sdh_soc.c.o
LOAD /opt/arm-gnu-toolchain-12.2.rel1-aarch64-arm-none-eabi/bin/../lib/gcc/arm-none-eabi/12.2.1/../../../../arm-none-eabi/lib/thumb/v7e-m+fp/hard/libc_nano.a
LOAD /opt/arm-gnu-toolchain-12.2.rel1-aarch64-arm-none-eabi/bin/../lib/gcc/arm-none-eabi/12.2.1/../../../../arm-none-eabi/lib/thumb/v7e-m+fp/hard/libnosys.a
LOAD /opt/arm-gnu-toolchain-12.2.rel1-aarch64-arm-none-eabi/bin/../lib/gcc/arm-none-eabi/12.2.1/../../../../arm-none-eabi/lib/thumb/v7e-m+fp/hard/libm.a
START GROUP
LOAD /opt/arm-gnu-toolchain-12.2.rel1-aarch64-arm-none-eabi/bin/../lib/gcc/arm-none-eabi/12.2.1/thumb/v7e-m+fp/hard/libgcc.a
LOAD /opt/arm-gnu-toolchain-12.2.rel1-aarch64-arm-none-eabi/bin/../lib/gcc/arm-none-eabi/12.2.1/../../../../arm-none-eabi/lib/thumb/v7e-m+fp/hard/libg_nano.a
LOAD /opt/arm-gnu-toolchain-12.2.rel1-aarch64-arm-none-eabi/bin/../lib/gcc/arm-none-eabi/12.2.1/../../../../arm-none-eabi/lib/thumb/v7e-m+fp/hard/libc_nano.a
END GROUP
START GROUP
LOAD /opt/arm-gnu-toolchain-12.2.rel1-aarch64-arm-none-eabi/bin/../lib/gcc/arm-none-eabi/12.2.1/thumb/v7e-m+fp/hard/libgcc.a
LOAD /opt/arm-gnu-toolchain-12.2.rel1-aarch64-arm-none-eabi/bin/../lib/gcc/arm-none-eabi/12.2.1/../../../../arm-none-eabi/lib/thumb/v7e-m+fp/hard/libc_nano.a
END GROUP
LOAD /opt/arm-gnu-toolchain-12.2.rel1-aarch64-arm-none-eabi/bin/../lib/gcc/arm-none-eabi/12.2.1/thumb/v7e-m+fp/hard/crtend.o
LOAD /opt/arm-gnu-toolchain-12.2.rel1-aarch64-arm-none-eabi/bin/../lib/gcc/arm-none-eabi/12.2.1/thumb/v7e-m+fp/hard/crtn.o
START GROUP
LOAD /opt/arm-gnu-toolchain-12.2.rel1-aarch64-arm-none-eabi/bin/../lib/gcc/arm-none-eabi/12.2.1/thumb/v7e-m+fp/hard/libgcc.a
LOAD /opt/arm-gnu-toolchain-12.2.rel1-aarch64-arm-none-eabi/bin/../lib/gcc/arm-none-eabi/12.2.1/../../../../arm-none-eabi/lib/thumb/v7e-m+fp/hard/libc.a
LOAD /opt/arm-gnu-toolchain-12.2.rel1-aarch64-arm-none-eabi/bin/../lib/gcc/arm-none-eabi/12.2.1/../../../../arm-none-eabi/lib/thumb/v7e-m+fp/hard/libnosys.a
END GROUP

.tm_clone_table
                0x0000000020002740        0x0 load address 0x00000000000256e0
 .tm_clone_table
                0x0000000020002740        0x0 /opt/arm-gnu-toolchain-12.2.rel1-aarch64-arm-none-eabi/bin/../lib/gcc/arm-none-eabi/12.2.1/thumb/v7e-m+fp/hard/crtbegin.o
 .tm_clone_table
                0x0000000020002740        0x0 /opt/arm-gnu-toolchain-12.2.rel1-aarch64-arm-none-eabi/bin/../lib/gcc/arm-none-eabi/12.2.1/thumb/v7e-m+fp/hard/crtend.o

.igot.plt       0x0000000020002740        0x0 load address 0x00000000000256e0
 .igot.plt      0x0000000020002740        0x0 /opt/arm-gnu-toolchain-12.2.rel1-aarch64-arm-none-eabi/bin/../lib/gcc/arm-none-eabi/12.2.1/thumb/v7e-m+fp/hard/crtbegin.o
                0x0000000020002740                . = ALIGN (0x4)

.mem_section_dummy_ram

.cli_sorted_cmd_ptrs
                0x0000000020002740        0x0
                [!provide]                        PROVIDE (__start_cli_sorted_cmd_ptrs = .)
 *(.cli_sorted_cmd_ptrs)
                [!provide]                        PROVIDE (__stop_cli_sorted_cmd_ptrs = .)

.fs_data        0x0000000020002740        0x0
                [!provide]                        PROVIDE (__start_fs_data = .)
 *(.fs_data)
                [!provide]                        PROVIDE (__stop_fs_data = .)

.log_dynamic_data
                0x0000000020002740        0x0
                0x0000000020002740                PROVIDE (__start_log_dynamic_data = .)
 *(SORT_BY_NAME(.log_dynamic_data*))
                [!provide]                        PROVIDE (__stop_log_dynamic_data = .)

.log_filter_data
                0x0000000020002740        0x0
                [!provide]                        PROVIDE (__start_log_filter_data = .)
 *(SORT_BY_NAME(.log_filter_data*))
                [!provide]                        PROVIDE (__stop_log_filter_data = .)

.bss            0x0000000020002740     0x11d8 load address 0x00000000000256e0
                0x0000000020002740                . = ALIGN (0x4)
                0x0000000020002740                __bss_start__ = .
 *(.bss*)
 .bss.completed.1
                0x0000000020002740        0x1 /opt/arm-gnu-toolchain-12.2.rel1-aarch64-arm-none-eabi/bin/../lib/gcc/arm-none-eabi/12.2.1/thumb/v7e-m+fp/hard/crtbegin.o
 *fill*         0x0000000020002741        0x3 
 .bss.object.0  0x0000000020002744       0x18 /opt/arm-gnu-toolchain-12.2.rel1-aarch64-arm-none-eabi/bin/../lib/gcc/arm-none-eabi/12.2.1/thumb/v7e-m+fp/hard/crtbegin.o
 .bss.m_string_buff
                0x000000002000275c       0x40 _build/nrf52833_xxaa/nrf_log_backend_rtt.c.o
 .bss.m_host_present
                0x000000002000279c        0x1 _build/nrf52833_xxaa/nrf_log_backend_rtt.c.o
 *fill*         0x000000002000279d        0x3 
 .bss.m_log_data
                0x00000000200027a0      0x420 _build/nrf52833_xxaa/nrf_log_frontend.c.o
 .bss.m_log_push_ringbuf_cb
                0x0000000020002bc0       0x18 _build/nrf52833_xxaa/nrf_log_frontend.c.o
 .bss.m_log_push_ringbuf_buf
                0x0000000020002bd8       0x80 _build/nrf52833_xxaa/nrf_log_frontend.c.o
 .bss.log_mempool_nrf_balloc_cb
                0x0000000020002c58        0x8 _build/nrf52833_xxaa/nrf_log_frontend.c.o
 .bss.log_mempool_nrf_balloc_pool_mem
                0x0000000020002c60       0xc0 _build/nrf52833_xxaa/nrf_log_frontend.c.o
 .bss.log_mempool_nrf_balloc_pool_stack
                0x0000000020002d20        0x8 _build/nrf52833_xxaa/nrf_log_frontend.c.o
 .bss.m_pin_states
                0x0000000020002d28       0x20 _build/nrf52833_xxaa/app_button.c.o
 .bss.m_pin_active
                0x0000000020002d48        0x8 _build/nrf52833_xxaa/app_button.c.o
 .bss.m_detection_delay
                0x0000000020002d50        0x4 _build/nrf52833_xxaa/app_button.c.o
 .bss.m_button_count
                0x0000000020002d54        0x1 _build/nrf52833_xxaa/app_button.c.o
 *fill*         0x0000000020002d55        0x3 
 .bss.mp_buttons
                0x0000000020002d58        0x4 _build/nrf52833_xxaa/app_button.c.o
 .bss.m_app_timer_sortlist_sortlist_cb
                0x0000000020002d5c        0x4 _build/nrf52833_xxaa/app_timer2.c.o
 .bss.m_req_fifo_inst
                0x0000000020002d60       0x10 _build/nrf52833_xxaa/app_timer2.c.o
 .bss.m_req_fifo_data
                0x0000000020002d70       0x58 _build/nrf52833_xxaa/app_timer2.c.o
 .bss.m_stamp64
                0x0000000020002dc8        0x8 _build/nrf52833_xxaa/app_timer2.c.o
 .bss.m_base_counter
                0x0000000020002dd0        0x8 _build/nrf52833_xxaa/app_timer2.c.o
 .bss.m_global_active
                0x0000000020002dd8        0x1 _build/nrf52833_xxaa/app_timer2.c.o
 *fill*         0x0000000020002dd9        0x3 
 .bss.mp_active_timer
                0x0000000020002ddc        0x4 _build/nrf52833_xxaa/app_timer2.c.o
 .bss.m_tx_fifo
                0x0000000020002de0       0x10 _build/nrf52833_xxaa/app_uart_fifo.c.o
 .bss.m_rx_fifo
                0x0000000020002df0       0x10 _build/nrf52833_xxaa/app_uart_fifo.c.o
 .bss.m_rx_ovf  0x0000000020002e00        0x1 _build/nrf52833_xxaa/app_uart_fifo.c.o
 *fill*         0x0000000020002e01        0x3 
 .bss.rx_buffer
                0x0000000020002e04        0x1 _build/nrf52833_xxaa/app_uart_fifo.c.o
 *fill*         0x0000000020002e05        0x3 
 .bss.tx_buffer
                0x0000000020002e08        0x1 _build/nrf52833_xxaa/app_uart_fifo.c.o
 *fill*         0x0000000020002e09        0x3 
 .bss.m_event_handler
                0x0000000020002e0c        0x4 _build/nrf52833_xxaa/app_uart_fifo.c.o
 .bss.nrf_nvic_state
                0x0000000020002e10        0xc _build/nrf52833_xxaa/app_util_platform.c.o
                0x0000000020002e10                nrf_nvic_state
 .bss.m_cb      0x0000000020002e1c        0x8 _build/nrf52833_xxaa/drv_rtc.c.o
 .bss.m_handlers
                0x0000000020002e24        0x4 _build/nrf52833_xxaa/drv_rtc.c.o
 .bss.m_handlers_iter
                0x0000000020002e28        0x8 _build/nrf52833_xxaa/nrf_pwr_mgmt.c.o
 .bss.m_shutdown_started
                0x0000000020002e30        0x1 _build/nrf52833_xxaa/nrf_pwr_mgmt.c.o
 *fill*         0x0000000020002e31        0x3 
 .bss.m_sysoff_mtx
                0x0000000020002e34        0x4 _build/nrf52833_xxaa/nrf_pwr_mgmt.c.o
 .bss.m_clock_cb
                0x0000000020002e38       0x14 _build/nrf52833_xxaa/nrf_drv_clock.c.o
 .bss.nrf_drv_uart_use_easy_dma
                0x0000000020002e4c        0x2 _build/nrf52833_xxaa/nrf_drv_uart.c.o
                0x0000000020002e4c                nrf_drv_uart_use_easy_dma
 *fill*         0x0000000020002e4e        0x2 
 .bss.m_contexts
                0x0000000020002e50        0x8 _build/nrf52833_xxaa/nrf_drv_uart.c.o
 .bss.m_handlers
                0x0000000020002e58        0x8 _build/nrf52833_xxaa/nrf_drv_uart.c.o
 .bss.m_clock_cb
                0x0000000020002e60        0x8 _build/nrf52833_xxaa/nrfx_clock.c.o
 .bss.m_cb      0x0000000020002e68       0x68 _build/nrf52833_xxaa/nrfx_gpiote.c.o
 .bss.m_prs_box_4
                0x0000000020002ed0        0x8 _build/nrf52833_xxaa/nrfx_prs.c.o
 .bss.m_cb      0x0000000020002ed8       0x2c _build/nrf52833_xxaa/nrfx_uart.c.o
 *fill*         0x0000000020002f04        0x4 
 .bss.m_cb      0x0000000020002f08       0x24 _build/nrf52833_xxaa/nrfx_uarte.c.o
 .bss.release_event_at_push.0
                0x0000000020002f2c        0x2 _build/nrf52833_xxaa/bsp.c.o
 .bss.current_long_push_pin_no.1
                0x0000000020002f2e        0x1 _build/nrf52833_xxaa/bsp.c.o
 *fill*         0x0000000020002f2f        0x1 
 .bss.m_events_list
                0x0000000020002f30        0x6 _build/nrf52833_xxaa/bsp.c.o
 *fill*         0x0000000020002f36        0x2 
 .bss.m_registered_callback
                0x0000000020002f38        0x4 _build/nrf52833_xxaa/bsp.c.o
 .bss.m_alert_on
                0x0000000020002f3c        0x1 _build/nrf52833_xxaa/bsp.c.o
 *fill*         0x0000000020002f3d        0x3 
 .bss.m_indication_type
                0x0000000020002f40        0x4 _build/nrf52833_xxaa/bsp.c.o
 .bss.m_leds_clear
                0x0000000020002f44        0x1 _build/nrf52833_xxaa/bsp.c.o
 .bss.m_stable_state
                0x0000000020002f45        0x1 _build/nrf52833_xxaa/bsp.c.o
 *fill*         0x0000000020002f46        0x2 
 .bss.m_num_connections
                0x0000000020002f48        0x4 _build/nrf52833_xxaa/bsp_btn_ble.c.o
 .bss.m_error_handler
                0x0000000020002f4c        0x4 _build/nrf52833_xxaa/bsp_btn_ble.c.o
 .bss.data_array.0
                0x0000000020002f50      0x100 _build/nrf52833_xxaa/main.c.o
 .bss.tx_buf.0  0x0000000020003050      0x100 _build/nrf52833_xxaa/ble_uart.c.o
 .bss.rx_buf.1  0x0000000020003150      0x100 _build/nrf52833_xxaa/ble_uart.c.o
 .bss.data_array.2
                0x0000000020003250       0xf4 _build/nrf52833_xxaa/ble_uart.c.o
 .bss.index.3   0x0000000020003344        0x1 _build/nrf52833_xxaa/ble_uart.c.o
 *fill*         0x0000000020003345        0x3 
 .bss.m_advertising
                0x0000000020003348       0xf8 _build/nrf52833_xxaa/ble_uart.c.o
 .bss.m_qwr     0x0000000020003440        0xc _build/nrf52833_xxaa/ble_uart.c.o
 .bss.m_gatt    0x000000002000344c       0x14 _build/nrf52833_xxaa/ble_uart.c.o
 .bss.m_nus_link_ctx_storage_ctx_data_pool
                0x0000000020003460        0x4 _build/nrf52833_xxaa/ble_uart.c.o
 .bss.m_ble_recv_handler
                0x0000000020003464        0x4 _build/nrf52833_xxaa/ble_uart.c.o